Component: ARM Compiler 5.06 update 4 (build 422) Tool: armlink [4d35d2]

==============================================================================

Section Cross References

    startup_stm32f103xb.o(RESET) refers to startup_stm32f103xb.o(STACK) for __initial_sp
    startup_stm32f103xb.o(RESET) refers to startup_stm32f103xb.o(.text) for Reset_Handler
    startup_stm32f103xb.o(RESET) refers to stm32f1xx_it.o(i.NMI_Handler) for NMI_Handler
    startup_stm32f103xb.o(RESET) refers to stm32f1xx_it.o(i.HardFault_Handler) for HardFault_Handler
    startup_stm32f103xb.o(RESET) refers to stm32f1xx_it.o(i.MemManage_Handler) for MemManage_Handler
    startup_stm32f103xb.o(RESET) refers to stm32f1xx_it.o(i.BusFault_Handler) for BusFault_Handler
    startup_stm32f103xb.o(RESET) refers to stm32f1xx_it.o(i.UsageFault_Handler) for UsageFault_Handler
    startup_stm32f103xb.o(RESET) refers to stm32f1xx_it.o(i.SVC_Handler) for SVC_Handler
    startup_stm32f103xb.o(RESET) refers to stm32f1xx_it.o(i.DebugMon_Handler) for DebugMon_Handler
    startup_stm32f103xb.o(RESET) refers to stm32f1xx_it.o(i.PendSV_Handler) for PendSV_Handler
    startup_stm32f103xb.o(RESET) refers to stm32f1xx_it.o(i.SysTick_Handler) for SysTick_Handler
    startup_stm32f103xb.o(RESET) refers to stm32f1xx_it.o(i.USB_HP_CAN1_TX_IRQHandler) for USB_HP_CAN1_TX_IRQHandler
    startup_stm32f103xb.o(RESET) refers to stm32f1xx_it.o(i.USB_LP_CAN1_RX0_IRQHandler) for USB_LP_CAN1_RX0_IRQHandler
    startup_stm32f103xb.o(RESET) refers to stm32f1xx_it.o(i.CAN1_RX1_IRQHandler) for CAN1_RX1_IRQHandler
    startup_stm32f103xb.o(RESET) refers to stm32f1xx_it.o(i.CAN1_SCE_IRQHandler) for CAN1_SCE_IRQHandler
    startup_stm32f103xb.o(RESET) refers to stm32f1xx_it.o(i.USART1_IRQHandler) for USART1_IRQHandler
    startup_stm32f103xb.o(RESET) refers to stm32f1xx_it.o(i.USART2_IRQHandler) for USART2_IRQHandler
    startup_stm32f103xb.o(.text) refers to system_stm32f1xx.o(i.SystemInit) for SystemInit
    startup_stm32f103xb.o(.text) refers to entry.o(.ARM.Collect$$$$00000000) for __main
    main.o(i.SystemClock_Config) refers to memseta.o(.text) for __aeabi_memclr4
    main.o(i.SystemClock_Config) refers to stm32f1xx_hal_rcc.o(i.HAL_RCC_OscConfig) for HAL_RCC_OscConfig
    main.o(i.SystemClock_Config) refers to stm32f1xx_hal_rcc.o(i.HAL_RCC_ClockConfig) for HAL_RCC_ClockConfig
    main.o(i.main) refers to stm32f1xx_hal.o(i.HAL_Init) for HAL_Init
    main.o(i.main) refers to main.o(i.SystemClock_Config) for SystemClock_Config
    main.o(i.main) refers to uart2_dbg.o(i.uart2_dbg_init) for uart2_dbg_init
    main.o(i.main) refers to bt_control_gpio.o(i.BT_control_gpio_init) for BT_control_gpio_init
    main.o(i.main) refers to cd4052_control.o(i.CD4052_init) for CD4052_init
    main.o(i.main) refers to stm32f1xx_hal_gpio.o(i.HAL_GPIO_WritePin) for HAL_GPIO_WritePin
    main.o(i.main) refers to stm32f1xx_hal_gpio.o(i.HAL_GPIO_Init) for HAL_GPIO_Init
    main.o(i.main) refers to stm32f1xx_hal.o(i.HAL_Delay) for HAL_Delay
    main.o(i.main) refers to can_mersedes_83kbps.o(i.CAN_mersas_init) for CAN_mersas_init
    main.o(i.main) refers to mercedes_buttons_control.o(i.Mercedes_buttons_control_init) for Mercedes_buttons_control_init
    main.o(i.main) refers to stm32f1xx_hal_rcc.o(i.HAL_RCC_GetSysClockFreq) for HAL_RCC_GetSysClockFreq
    main.o(i.main) refers to uart2_dbg.o(i.PRINTF) for PRINTF
    main.o(i.main) refers to uart2_dbg.o(i.uart2_dbg_handler) for uart2_dbg_handler
    main.o(i.main) refers to uart2_dbg.o(i.uart2_dbg_cmd_handler) for uart2_dbg_cmd_handler
    main.o(i.main) refers to can_mersedes_83kbps.o(i.CAN_mersedes_handler) for CAN_mersedes_handler
    main.o(i.main) refers to bt_control_gpio.o(i.BT_control_gpio_handler) for BT_control_gpio_handler
    main.o(i.main) refers to mercedes_buttons_control.o(i.Mercedes_buttons_control_handler) for Mercedes_buttons_control_handler
    main.o(i.system_tick_1khz) refers to bt_control_gpio.o(i.BT_control_gpio_systick) for BT_control_gpio_systick
    main.o(i.system_tick_1khz) refers to cd4052_control.o(i.CD4052_tick_1khz) for CD4052_tick_1khz
    main.o(i.system_tick_1khz) refers to mercedes_buttons_control.o(i.Mercedes_buttons_control_systick) for Mercedes_buttons_control_systick
    main.o(i.system_tick_1khz) refers to can_mersedes_83kbps.o(i.systick1s) for systick1s
    main.o(i.system_tick_1khz) refers to stm32f1xx_hal_gpio.o(i.HAL_GPIO_TogglePin) for HAL_GPIO_TogglePin
    main.o(i.system_tick_1khz) refers to main.o(.data) for .data
    main.o(i.system_tick_1khz) refers to can_mersedes_83kbps.o(.data) for get_radio_code
    stm32f1xx_it.o(i.CAN1_RX1_IRQHandler) refers to stm32f1xx_hal_can.o(i.HAL_CAN_IRQHandler) for HAL_CAN_IRQHandler
    stm32f1xx_it.o(i.CAN1_RX1_IRQHandler) refers to can_mersedes_83kbps.o(.bss) for hcan
    stm32f1xx_it.o(i.CAN1_SCE_IRQHandler) refers to stm32f1xx_hal_can.o(i.HAL_CAN_IRQHandler) for HAL_CAN_IRQHandler
[...]
    Removing uart2_dbg.o(i.vprint), (92 bytes).
    Removing can_mersedes_83kbps.o(.rev16_text), (4 bytes).
    Removing can_mersedes_83kbps.o(.revsh_text), (4 bytes).
    Removing can_mersedes_83kbps.o(.rrx_text), (6 bytes).
    Removing can_mersedes_83kbps.o(i.CAN_mersas_receiveFIFO0_irq_handler), (2 bytes).
    Removing can_mersedes_83kbps.o(.data), (4 bytes).
    Removing bt_control_gpio.o(.rev16_text), (4 bytes).
    Removing bt_control_gpio.o(.revsh_text), (4 bytes).
    Removing bt_control_gpio.o(.rrx_text), (6 bytes).
    Removing bt_control_gpio.o(i.BT_control_SET_BT_SHUFLE_SONGS), (60 bytes).
    Removing cd4052_control.o(.rev16_text), (4 bytes).
    Removing cd4052_control.o(.revsh_text), (4 bytes).
    Removing cd4052_control.o(.rrx_text), (6 bytes).
    Removing mercedes_buttons_control.o(.rev16_text), (4 bytes).
    Removing mercedes_buttons_control.o(.revsh_text), (4 bytes).
    Removing mercedes_buttons_control.o(.rrx_text), (6 bytes).
    Removing mercedes_buttons_control.o(.constdata), (1 bytes).
    Removing stm32f1xx_hal_gpio_ex.o(.rev16_text), (4 bytes).
    Removing stm32f1xx_hal_gpio_ex.o(.revsh_text), (4 bytes).
    Removing stm32f1xx_hal_gpio_ex.o(.rrx_text), (6 bytes).
    Removing stm32f1xx_hal_gpio_ex.o(i.HAL_GPIOEx_ConfigEventout), (20 bytes).
    Removing stm32f1xx_hal_gpio_ex.o(i.HAL_GPIOEx_DisableEventout), (16 bytes).
    Removing stm32f1xx_hal_gpio_ex.o(i.HAL_GPIOEx_EnableEventout), (16 bytes).
    Removing stm32f1xx_hal_can.o(.rev16_text), (4 bytes).
    Removing stm32f1xx_hal_can.o(.revsh_text), (4 bytes).
    Removing stm32f1xx_hal_can.o(.rrx_text), (6 bytes).
    Removing stm32f1xx_hal_can.o(i.HAL_CAN_AbortTxRequest), (70 bytes).
    Removing stm32f1xx_hal_can.o(i.HAL_CAN_AddTxMessage), (200 bytes).
    Removing stm32f1xx_hal_can.o(i.HAL_CAN_DeInit), (40 bytes).
    Removing stm32f1xx_hal_can.o(i.HAL_CAN_DeactivateNotification), (36 bytes).
    Removing stm32f1xx_hal_can.o(i.HAL_CAN_GetError), (4 bytes).
    Removing stm32f1xx_hal_can.o(i.HAL_CAN_GetRxFifoFillLevel), (34 bytes).
    Removing stm32f1xx_hal_can.o(i.HAL_CAN_GetState), (36 bytes).
    Removing stm32f1xx_hal_can.o(i.HAL_CAN_GetTxMailboxesFreeLevel), (44 bytes).
    Removing stm32f1xx_hal_can.o(i.HAL_CAN_GetTxTimestamp), (40 bytes).
    Removing stm32f1xx_hal_can.o(i.HAL_CAN_IsSleepActive), (28 bytes).
    Removing stm32f1xx_hal_can.o(i.HAL_CAN_IsTxMessagePending), (30 bytes).
    Removing stm32f1xx_hal_can.o(i.HAL_CAN_MspDeInit), (2 bytes).
    Removing stm32f1xx_hal_can.o(i.HAL_CAN_MspInit), (2 bytes).
    Removing stm32f1xx_hal_can.o(i.HAL_CAN_RequestSleep), (38 bytes).
    Removing stm32f1xx_hal_can.o(i.HAL_CAN_ResetError), (34 bytes).
    Removing stm32f1xx_hal_can.o(i.HAL_CAN_RxFifo0MsgPendingCallback), (2 bytes).
    Removing stm32f1xx_hal_can.o(i.HAL_CAN_Stop), (96 bytes).
    Removing stm32f1xx_hal_can.o(i.HAL_CAN_WakeUp), (76 bytes).
    Removing stm32f1xx_hal_tim.o(.rev16_text), (4 bytes).
    Removing stm32f1xx_hal_tim.o(.revsh_text), (4 bytes).
    Removing stm32f1xx_hal_tim.o(.rrx_text), (6 bytes).
    Removing stm32f1xx_hal_tim_ex.o(.rev16_text), (4 bytes).
    Removing stm32f1xx_hal_tim_ex.o(.revsh_text), (4 bytes).
    Removing stm32f1xx_hal_tim_ex.o(.rrx_text), (6 bytes).
    Removing stm32f1xx_hal_uart.o(.rev16_text), (4 bytes).
    Removing stm32f1xx_hal_uart.o(.revsh_text), (4 bytes).
    Removing stm32f1xx_hal_uart.o(.rrx_text), (6 bytes).
    Removing stm32f1xx_hal_uart.o(i.HAL_HalfDuplex_EnableReceiver), (50 bytes).
    Removing stm32f1xx_hal_uart.o(i.HAL_HalfDuplex_EnableTransmitter), (50 bytes).
    Removing stm32f1xx_hal_uart.o(i.HAL_HalfDuplex_Init), (108 bytes).
    Removing stm32f1xx_hal_uart.o(i.HAL_LIN_Init), (122 bytes).
    Removing stm32f1xx_hal_uart.o(i.HAL_LIN_SendBreak), (46 bytes).
    Removing stm32f1xx_hal_uart.o(i.HAL_MultiProcessor_EnterMuteMode), (46 bytes).
    Removing stm32f1xx_hal_uart.o(i.HAL_MultiProcessor_ExitMuteMode), (46 bytes).
    Removing stm32f1xx_hal_uart.o(i.HAL_MultiProcessor_Init), (130 bytes).
    Removing stm32f1xx_hal_uart.o(i.HAL_UART_Abort), (104 bytes).
    Removing stm32f1xx_hal_uart.o(i.HAL_UART_AbortCpltCallback), (2 bytes).
    Removing stm32f1xx_hal_uart.o(i.HAL_UART_AbortReceive), (68 bytes).
    Removing stm32f1xx_hal_uart.o(i.HAL_UART_AbortReceiveCpltCallback), (2 bytes).
    Removing stm32f1xx_hal_uart.o(i.HAL_UART_AbortReceive_IT), (92 bytes).
    Removing stm32f1xx_hal_uart.o(i.HAL_UART_AbortTransmit), (58 bytes).
    Removing stm32f1xx_hal_uart.o(i.HAL_UART_AbortTransmitCpltCallback), (2 bytes).
    Removing stm32f1xx_hal_uart.o(i.HAL_UART_AbortTransmit_IT), (84 bytes).
    Removing stm32f1xx_hal_uart.o(i.HAL_UART_Abort_IT), (172 bytes).
    Removing stm32f1xx_hal_uart.o(i.HAL_UART_DMAPause), (102 bytes).
    Removing stm32f1xx_hal_uart.o(i.HAL_UART_DMAResume), (94 bytes).
    Removing stm32f1xx_hal_uart.o(i.HAL_UART_DMAStop), (88 bytes).
    Removing stm32f1xx_hal_uart.o(i.HAL_UART_DeInit), (40 bytes).
    Removing stm32f1xx_hal_uart.o(i.HAL_UART_ErrorCallback), (2 bytes).
    Removing stm32f1xx_hal_uart.o(i.HAL_UART_GetError), (4 bytes).
    Removing stm32f1xx_hal_uart.o(i.HAL_UART_GetState), (10 bytes).
    Removing stm32f1xx_hal_uart.o(i.HAL_UART_IRQHandler), (272 bytes).
    Removing stm32f1xx_hal_uart.o(i.HAL_UART_MspDeInit), (2 bytes).
    Removing stm32f1xx_hal_uart.o(i.HAL_UART_MspInit), (2 bytes).
    Removing stm32f1xx_hal_uart.o(i.HAL_UART_Receive), (184 bytes).
    Removing stm32f1xx_hal_uart.o(i.HAL_UART_Receive_DMA), (152 bytes).
    Removing stm32f1xx_hal_uart.o(i.HAL_UART_Receive_IT), (82 bytes).
    Removing stm32f1xx_hal_uart.o(i.HAL_UART_RxCpltCallback), (2 bytes).
    Removing stm32f1xx_hal_uart.o(i.HAL_UART_RxHalfCpltCallback), (2 bytes).
    Removing stm32f1xx_hal_uart.o(i.HAL_UART_Transmit), (186 bytes).
    Removing stm32f1xx_hal_uart.o(i.HAL_UART_Transmit_DMA), (128 bytes).
    Removing stm32f1xx_hal_uart.o(i.HAL_UART_Transmit_IT), (62 bytes).
    Removing stm32f1xx_hal_uart.o(i.HAL_UART_TxCpltCallback), (2 bytes).
    Removing stm32f1xx_hal_uart.o(i.HAL_UART_TxHalfCpltCallback), (2 bytes).
    Removing stm32f1xx_hal_uart.o(i.UART_DMAAbortOnError), (16 bytes).
    Removing stm32f1xx_hal_uart.o(i.UART_DMAError), (74 bytes).
    Removing stm32f1xx_hal_uart.o(i.UART_DMAReceiveCplt), (60 bytes).
    Removing stm32f1xx_hal_uart.o(i.UART_DMARxAbortCallback), (42 bytes).
    Removing stm32f1xx_hal_uart.o(i.UART_DMARxHalfCplt), (10 bytes).
    Removing stm32f1xx_hal_uart.o(i.UART_DMARxOnlyAbortCallback), (20 bytes).
    Removing stm32f1xx_hal_uart.o(i.UART_DMATransmitCplt), (46 bytes).
    Removing stm32f1xx_hal_uart.o(i.UART_DMATxAbortCallback), (42 bytes).
    Removing stm32f1xx_hal_uart.o(i.UART_DMATxHalfCplt), (10 bytes).
    Removing stm32f1xx_hal_uart.o(i.UART_DMATxOnlyAbortCallback), (20 bytes).
    Removing stm32f1xx_hal_uart.o(i.UART_EndRxTransfer), (28 bytes).
    Removing stm32f1xx_hal_uart.o(i.UART_EndTxTransfer), (18 bytes).
    Removing stm32f1xx_hal_uart.o(i.UART_Receive_IT), (150 bytes).
    Removing stm32f1xx_hal_uart.o(i.UART_Transmit_IT), (98 bytes).
    Removing stm32f1xx_hal_uart.o(i.UART_WaitOnFlagUntilTimeout), (100 bytes).
    Removing stm32f1xx_hal.o(.rev16_text), (4 bytes).
    Removing stm32f1xx_hal.o(.revsh_text), (4 bytes).
    Removing stm32f1xx_hal.o(.rrx_text), (6 bytes).
    Removing stm32f1xx_hal.o(i.HAL_DBGMCU_DisableDBGSleepMode), (16 bytes).
    Removing stm32f1xx_hal.o(i.HAL_DBGMCU_DisableDBGStandbyMode), (16 bytes).
    Removing stm32f1xx_hal.o(i.HAL_DBGMCU_DisableDBGStopMode), (16 bytes).
    Removing stm32f1xx_hal.o(i.HAL_DBGMCU_EnableDBGSleepMode), (16 bytes).
    Removing stm32f1xx_hal.o(i.HAL_DBGMCU_EnableDBGStandbyMode), (16 bytes).
    Removing stm32f1xx_hal.o(i.HAL_DBGMCU_EnableDBGStopMode), (16 bytes).
    Removing stm32f1xx_hal.o(i.HAL_DeInit), (32 bytes).
    Removing stm32f1xx_hal.o(i.HAL_GetDEVID), (16 bytes).
    Removing stm32f1xx_hal.o(i.HAL_GetHalVersion), (8 bytes).
    Removing stm32f1xx_hal.o(i.HAL_GetREVID), (12 bytes).
    Removing stm32f1xx_hal.o(i.HAL_GetTickFreq), (12 bytes).
    Removing stm32f1xx_hal.o(i.HAL_GetTickPrio), (12 bytes).
    Removing stm32f1xx_hal.o(i.HAL_GetUID), (28 bytes).
    Removing stm32f1xx_hal.o(i.HAL_MspDeInit), (2 bytes).
    Removing stm32f1xx_hal.o(i.HAL_MspInit), (2 bytes).
    Removing stm32f1xx_hal.o(i.HAL_ResumeTick), (14 bytes).
    Removing stm32f1xx_hal.o(i.HAL_SetTickFreq), (28 bytes).
    Removing stm32f1xx_hal.o(i.HAL_SuspendTick), (14 bytes).
    Removing stm32f1xx_hal_rcc.o(.rev16_text), (4 bytes).
    Removing stm32f1xx_hal_rcc.o(.revsh_text), (4 bytes).
    Removing stm32f1xx_hal_rcc.o(.rrx_text), (6 bytes).
    Removing stm32f1xx_hal_rcc.o(i.HAL_RCC_CSSCallback), (2 bytes).
    Removing stm32f1xx_hal_rcc.o(i.HAL_RCC_DeInit), (216 bytes).
    Removing stm32f1xx_hal_rcc.o(i.HAL_RCC_DisableCSS), (12 bytes).
    Removing stm32f1xx_hal_rcc.o(i.HAL_RCC_EnableCSS), (12 bytes).
    Removing stm32f1xx_hal_rcc.o(i.HAL_RCC_GetClockConfig), (64 bytes).
    Removing stm32f1xx_hal_rcc.o(i.HAL_RCC_GetHCLKFreq), (12 bytes).
    Removing stm32f1xx_hal_rcc.o(i.HAL_RCC_GetOscConfig), (144 bytes).
    Removing stm32f1xx_hal_rcc.o(i.HAL_RCC_MCOConfig), (72 bytes).
    Removing stm32f1xx_hal_rcc.o(i.HAL_RCC_NMI_IRQHandler), (24 bytes).
    Removing stm32f1xx_hal_rcc_ex.o(.rev16_text), (4 bytes).
    Removing stm32f1xx_hal_rcc_ex.o(.revsh_text), (4 bytes).
    Removing stm32f1xx_hal_rcc_ex.o(.rrx_text), (6 bytes).
    Removing stm32f1xx_hal_rcc_ex.o(i.HAL_RCCEx_GetPeriphCLKConfig), (44 bytes).
    Removing stm32f1xx_hal_rcc_ex.o(i.HAL_RCCEx_GetPeriphCLKFreq), (200 bytes).
    Removing stm32f1xx_hal_rcc_ex.o(i.HAL_RCCEx_PeriphCLKConfig), (236 bytes).
    Removing stm32f1xx_hal_gpio.o(.rev16_text), (4 bytes).
    Removing stm32f1xx_hal_gpio.o(.revsh_text), (4 bytes).
    Removing stm32f1xx_hal_gpio.o(.rrx_text), (6 bytes).
    Removing stm32f1xx_hal_gpio.o(i.HAL_GPIO_DeInit), (228 bytes).
    Removing stm32f1xx_hal_gpio.o(i.HAL_GPIO_EXTI_Callback), (2 bytes).
    Removing stm32f1xx_hal_gpio.o(i.HAL_GPIO_EXTI_IRQHandler), (24 bytes).
    Removing stm32f1xx_hal_gpio.o(i.HAL_GPIO_LockPin), (34 bytes).
    Removing stm32f1xx_hal_dma.o(.rev16_text), (4 bytes).
    Removing stm32f1xx_hal_dma.o(.revsh_text), (4 bytes).
    Removing stm32f1xx_hal_dma.o(.rrx_text), (6 bytes).
    Removing stm32f1xx_hal_dma.o(i.DMA_SetConfig), (42 bytes).
    Removing stm32f1xx_hal_dma.o(i.HAL_DMA_Abort), (48 bytes).
    Removing stm32f1xx_hal_dma.o(i.HAL_DMA_Abort_IT), (152 bytes).
    Removing stm32f1xx_hal_dma.o(i.HAL_DMA_DeInit), (92 bytes).
    Removing stm32f1xx_hal_dma.o(i.HAL_DMA_GetError), (4 bytes).
    Removing stm32f1xx_hal_dma.o(i.HAL_DMA_GetState), (6 bytes).
    Removing stm32f1xx_hal_dma.o(i.HAL_DMA_IRQHandler), (340 bytes).
    Removing stm32f1xx_hal_dma.o(i.HAL_DMA_Init), (92 bytes).
    Removing stm32f1xx_hal_dma.o(i.HAL_DMA_PollForTransfer), (532 bytes).
    Removing stm32f1xx_hal_dma.o(i.HAL_DMA_RegisterCallback), (74 bytes).
    Removing stm32f1xx_hal_dma.o(i.HAL_DMA_Start), (80 bytes).
    Removing stm32f1xx_hal_dma.o(i.HAL_DMA_Start_IT), (112 bytes).
    Removing stm32f1xx_hal_dma.o(i.HAL_DMA_UnRegisterCallback), (82 bytes).
    Removing stm32f1xx_hal_cortex.o(.rev16_text), (4 bytes).
    Removing stm32f1xx_hal_cortex.o(.revsh_text), (4 bytes).
    Removing stm32f1xx_hal_cortex.o(.rrx_text), (6 bytes).
    Removing stm32f1xx_hal_cortex.o(i.HAL_NVIC_ClearPendingIRQ), (22 bytes).
    Removing stm32f1xx_hal_cortex.o(i.HAL_NVIC_DisableIRQ), (22 bytes).
    Removing stm32f1xx_hal_cortex.o(i.HAL_NVIC_GetActive), (32 bytes).
    Removing stm32f1xx_hal_cortex.o(i.HAL_NVIC_GetPendingIRQ), (32 bytes).
    Removing stm32f1xx_hal_cortex.o(i.HAL_NVIC_GetPriority), (82 bytes).
    Removing stm32f1xx_hal_cortex.o(i.HAL_NVIC_GetPriorityGrouping), (16 bytes).
    Removing stm32f1xx_hal_cortex.o(i.HAL_NVIC_SetPendingIRQ), (22 bytes).
    Removing stm32f1xx_hal_cortex.o(i.HAL_NVIC_SystemReset), (36 bytes).
    Removing stm32f1xx_hal_cortex.o(i.HAL_SYSTICK_CLKSourceConfig), (24 bytes).
    Removing stm32f1xx_hal_cortex.o(i.HAL_SYSTICK_Callback), (2 bytes).
    Removing stm32f1xx_hal_cortex.o(i.HAL_SYSTICK_IRQHandler), (8 bytes).
    Removing stm32f1xx_hal_pwr.o(.rev16_text), (4 bytes).
    Removing stm32f1xx_hal_pwr.o(.revsh_text), (4 bytes).
    Removing stm32f1xx_hal_pwr.o(.rrx_text), (6 bytes).
    Removing stm32f1xx_hal_pwr.o(i.HAL_PWR_ConfigPVD), (124 bytes).
    Removing stm32f1xx_hal_pwr.o(i.HAL_PWR_DeInit), (24 bytes).
    Removing stm32f1xx_hal_pwr.o(i.HAL_PWR_DisableBkUpAccess), (12 bytes).
    Removing stm32f1xx_hal_pwr.o(i.HAL_PWR_DisablePVD), (12 bytes).
    Removing stm32f1xx_hal_pwr.o(i.HAL_PWR_DisableSEVOnPend), (16 bytes).
    Removing stm32f1xx_hal_pwr.o(i.HAL_PWR_DisableSleepOnExit), (16 bytes).
    Removing stm32f1xx_hal_pwr.o(i.HAL_PWR_DisableWakeUpPin), (28 bytes).
    Removing stm32f1xx_hal_pwr.o(i.HAL_PWR_EnableBkUpAccess), (12 bytes).
    Removing stm32f1xx_hal_pwr.o(i.HAL_PWR_EnablePVD), (12 bytes).
    Removing stm32f1xx_hal_pwr.o(i.HAL_PWR_EnableSEVOnPend), (16 bytes).
    Removing stm32f1xx_hal_pwr.o(i.HAL_PWR_EnableSleepOnExit), (16 bytes).
    Removing stm32f1xx_hal_pwr.o(i.HAL_PWR_EnableWakeUpPin), (28 bytes).
    Removing stm32f1xx_hal_pwr.o(i.HAL_PWR_EnterSLEEPMode), (32 bytes).
    Removing stm32f1xx_hal_pwr.o(i.HAL_PWR_EnterSTANDBYMode), (32 bytes).
    Removing stm32f1xx_hal_pwr.o(i.HAL_PWR_EnterSTOPMode), (68 bytes).
    Removing stm32f1xx_hal_pwr.o(i.HAL_PWR_PVDCallback), (2 bytes).
    Removing stm32f1xx_hal_pwr.o(i.HAL_PWR_PVD_IRQHandler), (28 bytes).
    Removing stm32f1xx_hal_pwr.o(i.PWR_OverloadWfe), (6 bytes).
    Removing stm32f1xx_hal_flash.o(.rev16_text), (4 bytes).
    Removing stm32f1xx_hal_flash.o(.revsh_text), (4 bytes).
    Removing stm32f1xx_hal_flash.o(.rrx_text), (6 bytes).
    Removing stm32f1xx_hal_flash.o(i.FLASH_Program_HalfWord), (28 bytes).
    Removing stm32f1xx_hal_flash.o(i.FLASH_SetErrorCode), (92 bytes).
    Removing stm32f1xx_hal_flash.o(i.FLASH_WaitForLastOperation), (84 bytes).
    Removing stm32f1xx_hal_flash.o(i.HAL_FLASH_EndOfOperationCallback), (2 bytes).
    Removing stm32f1xx_hal_flash.o(i.HAL_FLASH_GetError), (12 bytes).
    Removing stm32f1xx_hal_flash.o(i.HAL_FLASH_IRQHandler), (264 bytes).
    Removing stm32f1xx_hal_flash.o(i.HAL_FLASH_Lock), (20 bytes).
    Removing stm32f1xx_hal_flash.o(i.HAL_FLASH_OB_Launch), (4 bytes).
    Removing stm32f1xx_hal_flash.o(i.HAL_FLASH_OB_Lock), (20 bytes).
    Removing stm32f1xx_hal_flash.o(i.HAL_FLASH_OB_Unlock), (36 bytes).
    Removing stm32f1xx_hal_flash.o(i.HAL_FLASH_OperationErrorCallback), (2 bytes).
    Removing stm32f1xx_hal_flash.o(i.HAL_FLASH_Program), (128 bytes).
    Removing stm32f1xx_hal_flash.o(i.HAL_FLASH_Program_IT), (100 bytes).
    Removing stm32f1xx_hal_flash.o(i.HAL_FLASH_Unlock), (40 bytes).
    Removing stm32f1xx_hal_flash.o(.bss), (32 bytes).
    Removing stm32f1xx_hal_flash_ex.o(.rev16_text), (4 bytes).
    Removing stm32f1xx_hal_flash_ex.o(.revsh_text), (4 bytes).
    Removing stm32f1xx_hal_flash_ex.o(.rrx_text), (6 bytes).
    Removing stm32f1xx_hal_flash_ex.o(i.FLASH_MassErase), (36 bytes).
    Removing stm32f1xx_hal_flash_ex.o(i.FLASH_OB_DisableWRP), (176 bytes).
    Removing stm32f1xx_hal_flash_ex.o(i.FLASH_OB_EnableWRP), (176 bytes).
    Removing stm32f1xx_hal_flash_ex.o(i.FLASH_OB_GetRDP), (24 bytes).
    Removing stm32f1xx_hal_flash_ex.o(i.FLASH_OB_RDP_LevelConfig), (100 bytes).
    Removing stm32f1xx_hal_flash_ex.o(i.FLASH_PageErase), (36 bytes).
    Removing stm32f1xx_hal_flash_ex.o(i.HAL_FLASHEx_Erase), (168 bytes).
    Removing stm32f1xx_hal_flash_ex.o(i.HAL_FLASHEx_Erase_IT), (84 bytes).
    Removing stm32f1xx_hal_flash_ex.o(i.HAL_FLASHEx_OBErase), (84 bytes).
    Removing stm32f1xx_hal_flash_ex.o(i.HAL_FLASHEx_OBGetConfig), (36 bytes).
    Removing stm32f1xx_hal_flash_ex.o(i.HAL_FLASHEx_OBGetUserData), (32 bytes).
    Removing stm32f1xx_hal_flash_ex.o(i.HAL_FLASHEx_OBProgram), (200 bytes).
    Removing system_stm32f1xx.o(.rev16_text), (4 bytes).
    Removing system_stm32f1xx.o(.revsh_text), (4 bytes).
    Removing system_stm32f1xx.o(.rrx_text), (6 bytes).
    Removing system_stm32f1xx.o(i.SystemCoreClockUpdate), (104 bytes).
    Removing dadd.o(.text), (334 bytes).
    Removing dmul.o(.text), (228 bytes).
    Removing ddiv.o(.text), (222 bytes).
    Removing dfixul.o(.text), (48 bytes).
    Removing cdrcmple.o(.text), (48 bytes).
    Removing depilogue.o(.text), (186 bytes).

262 unused section(s) (total 12595 bytes) removed from the image.

==============================================================================

Image Symbol Table

    Local Symbols

    Symbol Name                              Value     Ov Type        Size  Object(Section)

    ../Drivers/STM32F1xx_HAL_Driver/Src/stm32f1xx_hal.c 0x00000000   Number         0  stm32f1xx_hal.o ABSOLUTE
    ../Drivers/STM32F1xx_HAL_Driver/Src/stm32f1xx_hal_can.c 0x00000000   Number         0  stm32f1xx_hal_can.o ABSOLUTE
    ../Drivers/STM32F1xx_HAL_Driver/Src/stm32f1xx_hal_cortex.c 0x00000000   Number         0  stm32f1xx_hal_cortex.o ABSOLUTE
    ../Drivers/STM32F1xx_HAL_Driver/Src/stm32f1xx_hal_dma.c 0x00000000   Number         0  stm32f1xx_hal_dma.o ABSOLUTE
    ../Drivers/STM32F1xx_HAL_Driver/Src/stm32f1xx_hal_flash.c 0x00000000   Number         0  stm32f1xx_hal_flash.o ABSOLUTE
    ../Drivers/STM32F1xx_HAL_Driver/Src/stm32f1xx_hal_flash_ex.c 0x00000000   Number         0  stm32f1xx_hal_flash_ex.o ABSOLUTE
    ../Drivers/STM32F1xx_HAL_Driver/Src/stm32f1xx_hal_gpio.c 0x00000000   Number         0  stm32f1xx_hal_gpio.o ABSOLUTE
    ../Drivers/STM32F1xx_HAL_Driver/Src/stm32f1xx_hal_gpio_ex.c 0x00000000   Number         0  stm32f1xx_hal_gpio_ex.o ABSOLUTE
    ../Drivers/STM32F1xx_HAL_Driver/Src/stm32f1xx_hal_pwr.c 0x00000000   Number         0  stm32f1xx_hal_pwr.o ABSOLUTE
    ../Drivers/STM32F1xx_HAL_Driver/Src/stm32f1xx_hal_rcc.c 0x00000000   Number         0  stm32f1xx_hal_rcc.o ABSOLUTE
    ../Drivers/STM32F1xx_HAL_Driver/Src/stm32f1xx_hal_rcc_ex.c 0x00000000   Number         0  stm32f1xx_hal_rcc_ex.o ABSOLUTE
    ../Drivers/STM32F1xx_HAL_Driver/Src/stm32f1xx_hal_tim.c 0x00000000   Number         0  stm32f1xx_hal_tim.o ABSOLUTE
    ../Drivers/STM32F1xx_HAL_Driver/Src/stm32f1xx_hal_tim_ex.c 0x00000000   Number         0  stm32f1xx_hal_tim_ex.o ABSOLUTE
    ../Drivers/STM32F1xx_HAL_Driver/Src/stm32f1xx_hal_uart.c 0x00000000   Number         0  stm32f1xx_hal_uart.o ABSOLUTE
    ../Src/main.c                            0x00000000   Number         0  main.o ABSOLUTE
    ../Src/stm32f1xx_hal_msp.c               0x00000000   Number         0  stm32f1xx_hal_msp.o ABSOLUTE
    ../Src/stm32f1xx_it.c                    0x00000000   Number         0  stm32f1xx_it.o ABSOLUTE
    ../Src/system_stm32f1xx.c                0x00000000   Number         0  system_stm32f1xx.o ABSOLUTE
    ../clib/../cmprslib/zerorunl.c           0x00000000   Number         0  __dczerorl.o ABSOLUTE
    ../clib/microlib/ctype/ctype.c           0x00000000   Number         0  isspace_o.o ABSOLUTE
    ../clib/microlib/ctype/ctype.c           0x00000000   Number         0  ispunct_o.o ABSOLUTE
    ../clib/microlib/ctype/ctype.c           0x00000000   Number         0  isprint_o.o ABSOLUTE
    ../clib/microlib/ctype/ctype.c           0x00000000   Number         0  islower_o.o ABSOLUTE
    ../clib/microlib/ctype/ctype.c           0x00000000   Number         0  isgraph_o.o ABSOLUTE
    ../clib/microlib/ctype/ctype.c           0x00000000   Number         0  isdigit_o.o ABSOLUTE
    ../clib/microlib/ctype/ctype.c           0x00000000   Number         0  iscntrl_o.o ABSOLUTE
    ../clib/microlib/ctype/ctype.c           0x00000000   Number         0  isblank_o.o ABSOLUTE
    ../clib/microlib/ctype/ctype.c           0x00000000   Number         0  ctype_o.o ABSOLUTE
    ../clib/microlib/ctype/ctype.c           0x00000000   Number         0  isalpha_o.o ABSOLUTE
    ../clib/microlib/ctype/ctype.c           0x00000000   Number         0  isalnum_o.o ABSOLUTE
    ../clib/microlib/ctype/ctype.c           0x00000000   Number         0  isxdigit_o.o ABSOLUTE
    ../clib/microlib/ctype/ctype.c           0x00000000   Number         0  isupper_o.o ABSOLUTE
    ../clib/microlib/division.c              0x00000000   Number         0  uidiv.o ABSOLUTE
    ../clib/microlib/division.c              0x00000000   Number         0  uldiv.o ABSOLUTE
    ../clib/microlib/errno.c                 0x00000000   Number         0  errno.o ABSOLUTE
    ../clib/microlib/init/entry.s            0x00000000   Number         0  entry.o ABSOLUTE
    ../clib/microlib/init/entry.s            0x00000000   Number         0  entry2.o ABSOLUTE
    ../clib/microlib/init/entry.s            0x00000000   Number         0  entry10b.o ABSOLUTE
    ../clib/microlib/init/entry.s            0x00000000   Number         0  entry5.o ABSOLUTE
    ../clib/microlib/init/entry.s            0x00000000   Number         0  entry7a.o ABSOLUTE
    ../clib/microlib/init/entry.s            0x00000000   Number         0  entry7b.o ABSOLUTE
    ../clib/microlib/init/entry.s            0x00000000   Number         0  entry8a.o ABSOLUTE
    ../clib/microlib/init/entry.s            0x00000000   Number         0  entry8b.o ABSOLUTE
    ../clib/microlib/init/entry.s            0x00000000   Number         0  entry9a.o ABSOLUTE
    ../clib/microlib/init/entry.s            0x00000000   Number         0  entry9b.o ABSOLUTE
    ../clib/microlib/init/entry.s            0x00000000   Number         0  entry10a.o ABSOLUTE
    ../clib/microlib/init/entry.s            0x00000000   Number         0  entry11a.o ABSOLUTE
    ../clib/microlib/init/entry.s            0x00000000   Number         0  entry11b.o ABSOLUTE
    ../clib/microlib/longlong.c              0x00000000   Number         0  llshl.o ABSOLUTE
    ../clib/microlib/longlong.c              0x00000000   Number         0  llsshr.o ABSOLUTE
    ../clib/microlib/longlong.c              0x00000000   Number         0  llushr.o ABSOLUTE
    ../clib/microlib/printf/printf.c         0x00000000   Number         0  printfa.o ABSOLUTE
    ../clib/microlib/stdio/fputc.c           0x00000000   Number         0  fputc.o ABSOLUTE
    ../clib/microlib/stdio/semi.s            0x00000000   Number         0  semi.o ABSOLUTE
    ../clib/microlib/stdio/streams.c         0x00000000   Number         0  stdout.o ABSOLUTE
    ../clib/microlib/string/memcpy.c         0x00000000   Number         0  memcpyb.o ABSOLUTE
    ../clib/microlib/string/memcpy.c         0x00000000   Number         0  memcpya.o ABSOLUTE
    ../clib/microlib/string/memset.c         0x00000000   Number         0  memseta.o ABSOLUTE
    ../clib/microlib/string/strlen.c         0x00000000   Number         0  strlen.o ABSOLUTE
    ../clib/microlib/stubs.s                 0x00000000   Number         0  iusefp.o ABSOLUTE
    ../clib/microlib/stubs.s                 0x00000000   Number         0  iusesemip.o ABSOLUTE
    ../clib/scanf.c                          0x00000000   Number         0  strtol.o ABSOLUTE
    ../clib/scanf.c                          0x00000000   Number         0  _chval.o ABSOLUTE
    ../clib/scanf.c                          0x00000000   Number         0  _strtoul.o ABSOLUTE
    ../clib/scanf.c                          0x00000000   Number         0  atoi.o ABSOLUTE
    ../fplib/microlib/fpadd.c                0x00000000   Number         0  dadd.o ABSOLUTE
    ../fplib/microlib/fpdiv.c                0x00000000   Number         0  ddiv.o ABSOLUTE
    ../fplib/microlib/fpepilogue.c           0x00000000   Number         0  depilogue.o ABSOLUTE
    ../fplib/microlib/fpfix.c                0x00000000   Number         0  dfixul.o ABSOLUTE
    ../fplib/microlib/fpmul.c                0x00000000   Number         0  dmul.o ABSOLUTE
    ..\Drivers\STM32F1xx_HAL_Driver\Src\stm32f1xx_hal.c 0x00000000   Number         0  stm32f1xx_hal.o ABSOLUTE
    ..\Drivers\STM32F1xx_HAL_Driver\Src\stm32f1xx_hal_can.c 0x00000000   Number         0  stm32f1xx_hal_can.o ABSOLUTE
    ..\Drivers\STM32F1xx_HAL_Driver\Src\stm32f1xx_hal_cortex.c 0x00000000   Number         0  stm32f1xx_hal_cortex.o ABSOLUTE
    ..\Drivers\STM32F1xx_HAL_Driver\Src\stm32f1xx_hal_dma.c 0x00000000   Number         0  stm32f1xx_hal_dma.o ABSOLUTE
    ..\Drivers\STM32F1xx_HAL_Driver\Src\stm32f1xx_hal_flash.c 0x00000000   Number         0  stm32f1xx_hal_flash.o ABSOLUTE
    ..\Drivers\STM32F1xx_HAL_Driver\Src\stm32f1xx_hal_flash_ex.c 0x00000000   Number         0  stm32f1xx_hal_flash_ex.o ABSOLUTE
    ..\Drivers\STM32F1xx_HAL_Driver\Src\stm32f1xx_hal_gpio.c 0x00000000   Number         0  stm32f1xx_hal_gpio.o ABSOLUTE
    ..\Drivers\STM32F1xx_HAL_Driver\Src\stm32f1xx_hal_gpio_ex.c 0x00000000   Number         0  stm32f1xx_hal_gpio_ex.o ABSOLUTE
    ..\Drivers\STM32F1xx_HAL_Driver\Src\stm32f1xx_hal_pwr.c 0x00000000   Number         0  stm32f1xx_hal_pwr.o ABSOLUTE
    ..\Drivers\STM32F1xx_HAL_Driver\Src\stm32f1xx_hal_rcc.c 0x00000000   Number         0  stm32f1xx_hal_rcc.o ABSOLUTE
    ..\Drivers\STM32F1xx_HAL_Driver\Src\stm32f1xx_hal_rcc_ex.c 0x00000000   Number         0  stm32f1xx_hal_rcc_ex.o ABSOLUTE
    ..\Drivers\STM32F1xx_HAL_Driver\Src\stm32f1xx_hal_tim.c 0x00000000   Number         0  stm32f1xx_hal_tim.o ABSOLUTE
    ..\Drivers\STM32F1xx_HAL_Driver\Src\stm32f1xx_hal_tim_ex.c 0x00000000   Number         0  stm32f1xx_hal_tim_ex.o ABSOLUTE
    ..\Drivers\STM32F1xx_HAL_Driver\Src\stm32f1xx_hal_uart.c 0x00000000   Number         0  stm32f1xx_hal_uart.o ABSOLUTE
    ..\Src\main.c                            0x00000000   Number         0  main.o ABSOLUTE
    ..\Src\stm32f1xx_hal_msp.c               0x00000000   Number         0  stm32f1xx_hal_msp.o ABSOLUTE
    ..\Src\stm32f1xx_it.c                    0x00000000   Number         0  stm32f1xx_it.o ABSOLUTE
    ..\Src\system_stm32f1xx.c                0x00000000   Number         0  system_stm32f1xx.o ABSOLUTE
    BT_control_gpio.c                        0x00000000   Number         0  bt_control_gpio.o ABSOLUTE
    BT_control_gpio.c                        0x00000000   Number         0  bt_control_gpio.o ABSOLUTE
    CAN_MERSEDES_83kbps.c                    0x00000000   Number         0  can_mersedes_83kbps.o ABSOLUTE
    CAN_MERSEDES_83kbps.c                    0x00000000   Number         0  can_mersedes_83kbps.o ABSOLUTE
    CD4052_control.c                         0x00000000   Number         0  cd4052_control.o ABSOLUTE
    CD4052_control.c                         0x00000000   Number         0  cd4052_control.o ABSOLUTE
    Mercedes_buttons_control.c               0x00000000   Number         0  mercedes_buttons_control.o ABSOLUTE
    Mercedes_buttons_control.c               0x00000000   Number         0  mercedes_buttons_control.o ABSOLUTE
    cdrcmple.s                               0x00000000   Number         0  cdrcmple.o ABSOLUTE
    dc.s                                     0x00000000   Number         0  dc.o ABSOLUTE
    handlers.s                               0x00000000   Number         0  handlers.o ABSOLUTE
    init.s                                   0x00000000   Number         0  init.o ABSOLUTE
    startup_stm32f103xb.s                    0x00000000   Number         0  startup_stm32f103xb.o ABSOLUTE
    uart2_dbg.c                              0x00000000   Number         0  uart2_dbg.o ABSOLUTE
    uart2_dbg.c                              0x00000000   Number         0  uart2_dbg.o ABSOLUTE
    RESET                                    0x08000000   Section      236  startup_stm32f103xb.o(RESET)
    .ARM.Collect$$$$00000000                 0x080000ec   Section        0  entry.o(.ARM.Collect$$$$00000000)
    .ARM.Collect$$$$00000001                 0x080000ec   Section        4  entry2.o(.ARM.Collect$$$$00000001)
    .ARM.Collect$$$$00000004                 0x080000f0   Section        4  entry5.o(.ARM.Collect$$$$00000004)
    .ARM.Collect$$$$00000008                 0x080000f4   Section        0  entry7b.o(.ARM.Collect$$$$00000008)
    .ARM.Collect$$$$0000000A                 0x080000f4   Section        0  entry8b.o(.ARM.Collect$$$$0000000A)
    .ARM.Collect$$$$0000000B                 0x080000f4   Section        8  entry9a.o(.ARM.Collect$$$$0000000B)
    .ARM.Collect$$$$0000000D                 0x080000fc   Section        0  entry10a.o(.ARM.Collect$$$$0000000D)
    .ARM.Collect$$$$0000000F                 0x080000fc   Section        0  entry11a.o(.ARM.Collect$$$$0000000F)
    .ARM.Collect$$$$00002712                 0x080000fc   Section        4  entry2.o(.ARM.Collect$$$$00002712)
    __lit__00000000                          0x080000fc   Data           4  entry2.o(.ARM.Collect$$$$00002712)
    .text                                    0x08000100   Section       36  startup_stm32f103xb.o(.text)
    .text                                    0x08000124   Section        0  memcpya.o(.text)
    .text                                    0x08000148   Section        0  memseta.o(.text)
    .text                                    0x0800016c   Section        0  atoi.o(.text)
    .text                                    0x08000186   Section        0  strtol.o(.text)
    .text                                    0x080001f8   Section       36  init.o(.text)
    .text                                    0x0800021c   Section        0  ctype_o.o(.text)
    .text                                    0x08000224   Section        0  _strtoul.o(.text)
    .text                                    0x080002c2   Section        0  _chval.o(.text)
    .text                                    0x080002de   Section        0  __dczerorl.o(.text)
    i.BT_control_GET_AUDIO_ACTIVE            0x08000318   Section        0  bt_control_gpio.o(i.BT_control_GET_AUDIO_ACTIVE)
    i.BT_control_GET_BT_CONNECTED            0x08000330   Section        0  bt_control_gpio.o(i.BT_control_GET_BT_CONNECTED)
    i.BT_control_GET_BT_ON                   0x08000348   Section        0  bt_control_gpio.o(i.BT_control_GET_BT_ON)
    i.BT_control_GET_CALL_ACTIVE_INCOMING_OUTGOING 0x08000360   Section        0  bt_control_gpio.o(i.BT_control_GET_CALL_ACTIVE_INCOMING_OUTGOING)
    i.BT_control_SET_BT_POWER_OFF            0x08000378   Section        0  bt_control_gpio.o(i.BT_control_SET_BT_POWER_OFF)
    i.BT_control_SET_BT_POWER_OFF2           0x080003b8   Section        0  bt_control_gpio.o(i.BT_control_SET_BT_POWER_OFF2)
    i.BT_control_SET_BT_POWER_ON             0x08000410   Section        0  bt_control_gpio.o(i.BT_control_SET_BT_POWER_ON)
    i.BT_control_SET_BT_SKIP_BACKWARD        0x08000468   Section        0  bt_control_gpio.o(i.BT_control_SET_BT_SKIP_BACKWARD)
    i.BT_control_SET_BT_SKIP_FORWARD         0x080004a4   Section        0  bt_control_gpio.o(i.BT_control_SET_BT_SKIP_FORWARD)
    i.BT_control_SET_BT_STOP                 0x080004e0   Section        0  bt_control_gpio.o(i.BT_control_SET_BT_STOP)
    i.BT_control_SET_BT_VOLUME_DOWN          0x0800051c   Section        0  bt_control_gpio.o(i.BT_control_SET_BT_VOLUME_DOWN)
    i.BT_control_SET_BT_VOLUME_UP            0x08000558   Section        0  bt_control_gpio.o(i.BT_control_SET_BT_VOLUME_UP)
    i.BT_control_SET_CALL_ANSWER__END__HELD  0x08000594   Section        0  bt_control_gpio.o(i.BT_control_SET_CALL_ANSWER__END__HELD)
    i.BT_control_SET_CALL_REJECT_HELDREJECT  0x080005d0   Section        0  bt_control_gpio.o(i.BT_control_SET_CALL_REJECT_HELDREJECT)
    i.BT_control_SET_PLAY_PAUSE              0x0800060c   Section        0  bt_control_gpio.o(i.BT_control_SET_PLAY_PAUSE)
    i.BT_control_SET_RECALL_LAST             0x08000648   Section        0  bt_control_gpio.o(i.BT_control_SET_RECALL_LAST)
    i.BT_control_add_task                    0x080006c0   Section        0  bt_control_gpio.o(i.BT_control_add_task)
    i.BT_control_clear_tasks_init            0x08000720   Section        0  bt_control_gpio.o(i.BT_control_clear_tasks_init)
    i.BT_control_gpio_handler                0x08000764   Section        0  bt_control_gpio.o(i.BT_control_gpio_handler)
    i.BT_control_gpio_init                   0x08000768   Section        0  bt_control_gpio.o(i.BT_control_gpio_init)
    i.BT_control_gpio_systick                0x08000890   Section        0  bt_control_gpio.o(i.BT_control_gpio_systick)
    i.BT_control_long_add                    0x08000964   Section        0  bt_control_gpio.o(i.BT_control_long_add)
    i.BT_control_long_long_add               0x08000980   Section        0  bt_control_gpio.o(i.BT_control_long_long_add)
    i.BT_control_restart_BT                  0x0800099e   Section        0  bt_control_gpio.o(i.BT_control_restart_BT)
    i.BT_control_set_off_delay               0x080009bc   Section        0  bt_control_gpio.o(i.BT_control_set_off_delay)
    i.BT_control_set_on_delay                0x080009f0   Section        0  bt_control_gpio.o(i.BT_control_set_on_delay)
    i.BT_control_short_add                   0x08000a34   Section        0  bt_control_gpio.o(i.BT_control_short_add)
    i.BusFault_Handler                       0x08000a4e   Section        0  stm32f1xx_it.o(i.BusFault_Handler)
    i.CAN1_RX1_IRQHandler                    0x08000a50   Section        0  stm32f1xx_it.o(i.CAN1_RX1_IRQHandler)
    i.CAN1_SCE_IRQHandler                    0x08000a5c   Section        0  stm32f1xx_it.o(i.CAN1_SCE_IRQHandler)
    i.CAN_mersas_init                        0x08000a68   Section        0  can_mersedes_83kbps.o(i.CAN_mersas_init)
    i.CAN_mersedes_handler                   0x08000a6c   Section        0  can_mersedes_83kbps.o(i.CAN_mersedes_handler)
    i.CD4052_REFRESH_SOURCE                  0x08000a70   Section        0  cd4052_control.o(i.CD4052_REFRESH_SOURCE)
    i.CD4052_SET_AUX_OUT                     0x08000a88   Section        0  cd4052_control.o(i.CD4052_SET_AUX_OUT)
    i.CD4052_SET_BT_OUT                      0x08000aa8   Section        0  cd4052_control.o(i.CD4052_SET_BT_OUT)
    i.CD4052_SET_RADIO                       0x08000aec   Section        0  cd4052_control.o(i.CD4052_SET_RADIO)
    i.CD4052_SET_TOGGLE_SOURCE               0x08000b24   Section        0  cd4052_control.o(i.CD4052_SET_TOGGLE_SOURCE)
    i.CD4052_if_BT_off_turnON_delay20s       0x08000b54   Section        0  cd4052_control.o(i.CD4052_if_BT_off_turnON_delay20s)
    i.CD4052_init                            0x08000b70   Section        0  cd4052_control.o(i.CD4052_init)
    i.CD4052_source_now_not_BT               0x08000bd4   Section        0  cd4052_control.o(i.CD4052_source_now_not_BT)
    i.CD4052_temporary_switch_to_BT_source   0x08000be8   Section        0  cd4052_control.o(i.CD4052_temporary_switch_to_BT_source)
    i.CD4052_tick_1khz                       0x08000bf8   Section        0  cd4052_control.o(i.CD4052_tick_1khz)
    i.DebugMon_Handler                       0x08000cf0   Section        0  stm32f1xx_it.o(i.DebugMon_Handler)
    i.Error_Handler                          0x08000cf2   Section        0  main.o(i.Error_Handler)
    i.HAL_CAN_ActivateNotification           0x08000cf4   Section        0  stm32f1xx_hal_can.o(i.HAL_CAN_ActivateNotification)
    i.HAL_CAN_ConfigFilter                   0x08000d18   Section        0  stm32f1xx_hal_can.o(i.HAL_CAN_ConfigFilter)
    i.HAL_CAN_ErrorCallback                  0x08000e06   Section        0  stm32f1xx_hal_can.o(i.HAL_CAN_ErrorCallback)
    i.HAL_CAN_GetRxMessage                   0x08000e08   Section        0  stm32f1xx_hal_can.o(i.HAL_CAN_GetRxMessage)
    i.HAL_CAN_IRQHandler                     0x08000ef0   Section        0  stm32f1xx_hal_can.o(i.HAL_CAN_IRQHandler)
    i.HAL_CAN_Init                           0x080010ec   Section        0  stm32f1xx_hal_can.o(i.HAL_CAN_Init)
    i.HAL_CAN_MspInit                        0x08001208   Section        0  stm32f1xx_hal_msp.o(i.HAL_CAN_MspInit)
    i.HAL_CAN_RxFifo0FullCallback            0x080012b4   Section        0  stm32f1xx_hal_can.o(i.HAL_CAN_RxFifo0FullCallback)
    i.HAL_CAN_RxFifo0MsgPendingCallback      0x080012b8   Section        0  can_mersedes_83kbps.o(i.HAL_CAN_RxFifo0MsgPendingCallback)
    i.HAL_CAN_RxFifo1FullCallback            0x080012f4   Section        0  stm32f1xx_hal_can.o(i.HAL_CAN_RxFifo1FullCallback)
    i.HAL_CAN_RxFifo1MsgPendingCallback      0x080012f6   Section        0  stm32f1xx_hal_can.o(i.HAL_CAN_RxFifo1MsgPendingCallback)
    i.HAL_CAN_SleepCallback                  0x080012f8   Section        0  stm32f1xx_hal_can.o(i.HAL_CAN_SleepCallback)
    i.HAL_CAN_Start                          0x080012fc   Section        0  stm32f1xx_hal_can.o(i.HAL_CAN_Start)
    i.HAL_CAN_TxMailbox0AbortCallback        0x08001354   Section        0  stm32f1xx_hal_can.o(i.HAL_CAN_TxMailbox0AbortCallback)
    i.HAL_CAN_TxMailbox0CompleteCallback     0x08001356   Section        0  stm32f1xx_hal_can.o(i.HAL_CAN_TxMailbox0CompleteCallback)
    i.HAL_CAN_TxMailbox1AbortCallback        0x08001358   Section        0  stm32f1xx_hal_can.o(i.HAL_CAN_TxMailbox1AbortCallback)
    i.HAL_CAN_TxMailbox1CompleteCallback     0x0800135a   Section        0  stm32f1xx_hal_can.o(i.HAL_CAN_TxMailbox1CompleteCallback)
    i.HAL_CAN_TxMailbox2AbortCallback        0x0800135c   Section        0  stm32f1xx_hal_can.o(i.HAL_CAN_TxMailbox2AbortCallback)
    i.HAL_CAN_TxMailbox2CompleteCallback     0x0800135e   Section        0  stm32f1xx_hal_can.o(i.HAL_CAN_TxMailbox2CompleteCallback)
    i.HAL_CAN_WakeUpFromRxMsgCallback        0x08001360   Section        0  stm32f1xx_hal_can.o(i.HAL_CAN_WakeUpFromRxMsgCallback)
    i.HAL_Delay                              0x08001364   Section        0  stm32f1xx_hal.o(i.HAL_Delay)
    i.HAL_GPIO_Init                          0x08001388   Section        0  stm32f1xx_hal_gpio.o(i.HAL_GPIO_Init)
    i.HAL_GPIO_ReadPin                       0x08001544   Section        0  stm32f1xx_hal_gpio.o(i.HAL_GPIO_ReadPin)
    i.HAL_GPIO_TogglePin                     0x0800154e   Section        0  stm32f1xx_hal_gpio.o(i.HAL_GPIO_TogglePin)
    i.HAL_GPIO_WritePin                      0x08001556   Section        0  stm32f1xx_hal_gpio.o(i.HAL_GPIO_WritePin)
    i.HAL_GetTick                            0x08001560   Section        0  stm32f1xx_hal.o(i.HAL_GetTick)
    i.HAL_IncTick                            0x0800156c   Section        0  stm32f1xx_hal.o(i.HAL_IncTick)
    i.HAL_Init                               0x0800157c   Section        0  stm32f1xx_hal.o(i.HAL_Init)
    i.HAL_InitTick                           0x080015a0   Section        0  stm32f1xx_hal.o(i.HAL_InitTick)
    i.HAL_MspInit                            0x080015e0   Section        0  stm32f1xx_hal_msp.o(i.HAL_MspInit)
    i.HAL_NVIC_EnableIRQ                     0x0800161c   Section        0  stm32f1xx_hal_cortex.o(i.HAL_NVIC_EnableIRQ)
    i.HAL_NVIC_SetPriority                   0x08001634   Section        0  stm32f1xx_hal_cortex.o(i.HAL_NVIC_SetPriority)
    i.HAL_NVIC_SetPriorityGrouping           0x08001674   Section        0  stm32f1xx_hal_cortex.o(i.HAL_NVIC_SetPriorityGrouping)
    i.HAL_RCC_ClockConfig                    0x08001698   Section        0  stm32f1xx_hal_rcc.o(i.HAL_RCC_ClockConfig)
    i.HAL_RCC_GetPCLK1Freq                   0x08001804   Section        0  stm32f1xx_hal_rcc.o(i.HAL_RCC_GetPCLK1Freq)
    i.HAL_RCC_GetPCLK2Freq                   0x08001824   Section        0  stm32f1xx_hal_rcc.o(i.HAL_RCC_GetPCLK2Freq)
    i.HAL_RCC_GetSysClockFreq                0x08001844   Section        0  stm32f1xx_hal_rcc.o(i.HAL_RCC_GetSysClockFreq)
    i.HAL_RCC_OscConfig                      0x080018b0   Section        0  stm32f1xx_hal_rcc.o(i.HAL_RCC_OscConfig)
    i.HAL_SYSTICK_Config                     0x08001bb4   Section        0  stm32f1xx_hal_cortex.o(i.HAL_SYSTICK_Config)
    i.HAL_UART_Init                          0x08001bdc   Section        0  stm32f1xx_hal_uart.o(i.HAL_UART_Init)
    i.HAL_UART_MspInit                       0x08001c40   Section        0  stm32f1xx_hal_msp.o(i.HAL_UART_MspInit)
    i.HardFault_Handler                      0x08001cd0   Section        0  stm32f1xx_it.o(i.HardFault_Handler)
    i.MX_CAN_Init                            0x08001cd4   Section        0  can_mersedes_83kbps.o(i.MX_CAN_Init)
    MX_CAN_Init                              0x08001cd5   Thumb Code   132  can_mersedes_83kbps.o(i.MX_CAN_Init)
    i.MX_USART1_UART_Init                    0x08001d80   Section        0  uart2_dbg.o(i.MX_USART1_UART_Init)
    MX_USART1_UART_Init                      0x08001d81   Thumb Code    54  uart2_dbg.o(i.MX_USART1_UART_Init)
    i.MemManage_Handler                      0x08001dc0   Section        0  stm32f1xx_it.o(i.MemManage_Handler)
    i.Mercedes_buttons_control               0x08001dc4   Section        0  mercedes_buttons_control.o(i.Mercedes_buttons_control)
    i.Mercedes_buttons_control_handler       0x08001f38   Section        0  mercedes_buttons_control.o(i.Mercedes_buttons_control_handler)
    i.Mercedes_buttons_control_init          0x08001f98   Section        0  mercedes_buttons_control.o(i.Mercedes_buttons_control_init)
    i.Mercedes_buttons_control_systick       0x08001fb8   Section        0  mercedes_buttons_control.o(i.Mercedes_buttons_control_systick)
    i.Mercedes_buttons_get_CAN_buttons_data  0x08001fe0   Section        0  mercedes_buttons_control.o(i.Mercedes_buttons_get_CAN_buttons_data)
    i.NMI_Handler                            0x080020c8   Section        0  stm32f1xx_it.o(i.NMI_Handler)
    i.NVIC_SetPriority                       0x080020ca   Section        0  stm32f1xx_hal_cortex.o(i.NVIC_SetPriority)
    NVIC_SetPriority                         0x080020cb   Thumb Code    32  stm32f1xx_hal_cortex.o(i.NVIC_SetPriority)
    i.PRINTF                                 0x080020ea   Section        0  uart2_dbg.o(i.PRINTF)
    i.PendSV_Handler                         0x080020ec   Section        0  stm32f1xx_it.o(i.PendSV_Handler)
    i.SVC_Handler                            0x080020ee   Section        0  stm32f1xx_it.o(i.SVC_Handler)
    i.SysTick_Handler                        0x080020f0   Section        0  stm32f1xx_it.o(i.SysTick_Handler)
    i.SystemClock_Config                     0x080020fe   Section        0  main.o(i.SystemClock_Config)
    i.SystemInit                             0x0800214c   Section        0  system_stm32f1xx.o(i.SystemInit)
    i.UART_SetConfig                         0x08002194   Section        0  stm32f1xx_hal_uart.o(i.UART_SetConfig)
    UART_SetConfig                           0x08002195   Thumb Code   364  stm32f1xx_hal_uart.o(i.UART_SetConfig)
    i.USART1_IRQHandler                      0x08002304   Section        0  stm32f1xx_it.o(i.USART1_IRQHandler)
    i.USART2_IRQHandler                      0x08002308   Section        0  stm32f1xx_it.o(i.USART2_IRQHandler)
    i.USB_HP_CAN1_TX_IRQHandler              0x0800230c   Section        0  stm32f1xx_it.o(i.USB_HP_CAN1_TX_IRQHandler)
    i.USB_LP_CAN1_RX0_IRQHandler             0x08002318   Section        0  stm32f1xx_it.o(i.USB_LP_CAN1_RX0_IRQHandler)
    i.UsageFault_Handler                     0x08002324   Section        0  stm32f1xx_it.o(i.UsageFault_Handler)
    i.__aeabi_errno_addr                     0x08002328   Section        0  errno.o(i.__aeabi_errno_addr)
    i.__scatterload_copy                     0x08002330   Section       14  handlers.o(i.__scatterload_copy)
    i.__scatterload_null                     0x0800233e   Section        2  handlers.o(i.__scatterload_null)
    i.__scatterload_zeroinit                 0x08002340   Section       14  handlers.o(i.__scatterload_zeroinit)
    i.main                                   0x08002350   Section        0  main.o(i.main)
    i.process_can_mesages                    0x080023f4   Section        0  can_mersedes_83kbps.o(i.process_can_mesages)
    i.system_tick_1khz                       0x080024b0   Section        0  main.o(i.system_tick_1khz)
    i.systick1s                              0x080024f8   Section        0  can_mersedes_83kbps.o(i.systick1s)
    i.test_button_pres_simu                  0x0800252c   Section        0  can_mersedes_83kbps.o(i.test_button_pres_simu)
    i.test_custom                            0x08002570   Section        0  can_mersedes_83kbps.o(i.test_custom)
    i.test_long_fnc_can                      0x08002590   Section        0  can_mersedes_83kbps.o(i.test_long_fnc_can)
    i.test_short_fnc_can                     0x080025a4   Section        0  can_mersedes_83kbps.o(i.test_short_fnc_can)
    i.uart2_dbg_cmd_handler                  0x080025b8   Section        0  uart2_dbg.o(i.uart2_dbg_cmd_handler)
    i.uart2_dbg_handler                      0x0800277c   Section        0  uart2_dbg.o(i.uart2_dbg_handler)
    i.uart2_dbg_init                         0x080028e4   Section        0  uart2_dbg.o(i.uart2_dbg_init)
    i.uart2_dbg_irq_handler                  0x080028e8   Section        0  uart2_dbg.o(i.uart2_dbg_irq_handler)
    .constdata                               0x08002978   Section       16  system_stm32f1xx.o(.constdata)
    .constdata                               0x08002988   Section        8  system_stm32f1xx.o(.constdata)
    .constdata                               0x08002990   Section      129  ctype_o.o(.constdata)
    .constdata                               0x08002a14   Section        4  ctype_o.o(.constdata)
    table                                    0x08002a14   Data           4  ctype_o.o(.constdata)
    .data                                    0x20000000   Section        4  main.o(.data)
    .data                                    0x20000004   Section        4  uart2_dbg.o(.data)
    uart_rx_buff_rp2                         0x20000004   Data           1  uart2_dbg.o(.data)
    uart_rx_buff_wp2                         0x20000005   Data           1  uart2_dbg.o(.data)
    uart_tx_buff_rp                          0x20000006   Data           1  uart2_dbg.o(.data)
    uart_tx_buff_wp                          0x20000007   Data           1  uart2_dbg.o(.data)
    .data                                    0x20000008   Section        8  can_mersedes_83kbps.o(.data)
    .data                                    0x20000010   Section        4  bt_control_gpio.o(.data)
    .data                                    0x20000014   Section       16  cd4052_control.o(.data)
    .data                                    0x20000024   Section      388  mercedes_buttons_control.o(.data)
    .data                                    0x200001a8   Section       12  stm32f1xx_hal.o(.data)
    .data                                    0x200001b4   Section        4  system_stm32f1xx.o(.data)
    .data                                    0x200001b8   Section        4  errno.o(.data)
    _errno                                   0x200001b8   Data           4  errno.o(.data)
    .bss                                     0x200001bc   Section      864  uart2_dbg.o(.bss)
    uart_rx_buff2                            0x2000037a   Data          64  uart2_dbg.o(.bss)
    uart_tx_buff                             0x200003ba   Data         256  uart2_dbg.o(.bss)
    .bss                                     0x2000051c   Section     3140  can_mersedes_83kbps.o(.bss)
    .bss                                     0x20001160   Section      416  bt_control_gpio.o(.bss)
    STACK                                    0x20001300   Section     1024  startup_stm32f103xb.o(STACK)

    Global Symbols

    Symbol Name                              Value     Ov Type        Size  Object(Section)

    BuildAttributes$$THM_ISAv4$P$D$K$B$S$PE$A:L22UL41UL21$X:L11$S22US41US21$IEEE1$IW$USESV6$~STKCKD$USESV7$~SHL$OSPACE$ROPI$EBA8$MICROLIB$REQ8$PRES8$EABIv2 0x00000000   Number         0  anon$$obj.o ABSOLUTE
    __ARM_use_no_argv                        0x00000000   Number         0  main.o ABSOLUTE
    __cpp_initialize__aeabi_                  - Undefined Weak Reference
    __cxa_finalize                            - Undefined Weak Reference
    _clock_init                               - Undefined Weak Reference
    _microlib_exit                            - Undefined Weak Reference
    __Vectors_Size                           0x000000ec   Number         0  startup_stm32f103xb.o ABSOLUTE
    __Vectors                                0x08000000   Data           4  startup_stm32f103xb.o(RESET)
    __Vectors_End                            0x080000ec   Data           0  startup_stm32f103xb.o(RESET)
    __main                                   0x080000ed   Thumb Code     0  entry.o(.ARM.Collect$$$$00000000)
    _main_stk                                0x080000ed   Thumb Code     0  entry2.o(.ARM.Collect$$$$00000001)
    _main_scatterload                        0x080000f1   Thumb Code     0  entry5.o(.ARM.Collect$$$$00000004)
    __main_after_scatterload                 0x080000f5   Thumb Code     0  entry5.o(.ARM.Collect$$$$00000004)
    _main_clock                              0x080000f5   Thumb Code     0  entry7b.o(.ARM.Collect$$$$00000008)
    _main_cpp_init                           0x080000f5   Thumb Code     0  entry8b.o(.ARM.Collect$$$$0000000A)
    _main_init                               0x080000f5   Thumb Code     0  entry9a.o(.ARM.Collect$$$$0000000B)
    __rt_final_cpp                           0x080000fd   Thumb Code     0  entry10a.o(.ARM.Collect$$$$0000000D)
    __rt_final_exit                          0x080000fd   Thumb Code     0  entry11a.o(.ARM.Collect$$$$0000000F)
    Reset_Handler                            0x08000101   Thumb Code     8  startup_stm32f103xb.o(.text)
    ADC1_2_IRQHandler                        0x0800011b   Thumb Code     0  startup_stm32f103xb.o(.text)
    DMA1_Channel1_IRQHandler                 0x0800011b   Thumb Code     0  startup_stm32f103xb.o(.text)
    DMA1_Channel2_IRQHandler                 0x0800011b   Thumb Code     0  startup_stm32f103xb.o(.text)
    DMA1_Channel3_IRQHandler                 0x0800011b   Thumb Code     0  startup_stm32f103xb.o(.text)
    DMA1_Channel4_IRQHandler                 0x0800011b   Thumb Code     0  startup_stm32f103xb.o(.text)
    DMA1_Channel5_IRQHandler                 0x0800011b   Thumb Code     0  startup_stm32f103xb.o(.text)
    DMA1_Channel6_IRQHandler                 0x0800011b   Thumb Code     0  startup_stm32f103xb.o(.text)
    DMA1_Channel7_IRQHandler                 0x0800011b   Thumb Code     0  startup_stm32f103xb.o(.text)
    EXTI0_IRQHandler                         0x0800011b   Thumb Code     0  startup_stm32f103xb.o(.text)
    EXTI15_10_IRQHandler                     0x0800011b   Thumb Code     0  startup_stm32f103xb.o(.text)
    EXTI1_IRQHandler                         0x0800011b   Thumb Code     0  startup_stm32f103xb.o(.text)
    EXTI2_IRQHandler                         0x0800011b   Thumb Code     0  startup_stm32f103xb.o(.text)
    EXTI3_IRQHandler                         0x0800011b   Thumb Code     0  startup_stm32f103xb.o(.text)
    EXTI4_IRQHandler                         0x0800011b   Thumb Code     0  startup_stm32f103xb.o(.text)
    EXTI9_5_IRQHandler                       0x0800011b   Thumb Code     0  startup_stm32f103xb.o(.text)
    FLASH_IRQHandler                         0x0800011b   Thumb Code     0  startup_stm32f103xb.o(.text)
    I2C1_ER_IRQHandler                       0x0800011b   Thumb Code     0  startup_stm32f103xb.o(.text)
    I2C1_EV_IRQHandler                       0x0800011b   Thumb Code     0  startup_stm32f103xb.o(.text)
    I2C2_ER_IRQHandler                       0x0800011b   Thumb Code     0  startup_stm32f103xb.o(.text)
    I2C2_EV_IRQHandler                       0x0800011b   Thumb Code     0  startup_stm32f103xb.o(.text)
    PVD_IRQHandler                           0x0800011b   Thumb Code     0  startup_stm32f103xb.o(.text)
    RCC_IRQHandler                           0x0800011b   Thumb Code     0  startup_stm32f103xb.o(.text)
    RTC_Alarm_IRQHandler                     0x0800011b   Thumb Code     0  startup_stm32f103xb.o(.text)
    RTC_IRQHandler                           0x0800011b   Thumb Code     0  startup_stm32f103xb.o(.text)
    SPI1_IRQHandler                          0x0800011b   Thumb Code     0  startup_stm32f103xb.o(.text)
    SPI2_IRQHandler                          0x0800011b   Thumb Code     0  startup_stm32f103xb.o(.text)
    TAMPER_IRQHandler                        0x0800011b   Thumb Code     0  startup_stm32f103xb.o(.text)
    TIM1_BRK_IRQHandler                      0x0800011b   Thumb Code     0  startup_stm32f103xb.o(.text)
    TIM1_CC_IRQHandler                       0x0800011b   Thumb Code     0  startup_stm32f103xb.o(.text)
    TIM1_TRG_COM_IRQHandler                  0x0800011b   Thumb Code     0  startup_stm32f103xb.o(.text)
    TIM1_UP_IRQHandler                       0x0800011b   Thumb Code     0  startup_stm32f103xb.o(.text)
    TIM2_IRQHandler                          0x0800011b   Thumb Code     0  startup_stm32f103xb.o(.text)
    TIM3_IRQHandler                          0x0800011b   Thumb Code     0  startup_stm32f103xb.o(.text)
    TIM4_IRQHandler                          0x0800011b   Thumb Code     0  startup_stm32f103xb.o(.text)
    USART3_IRQHandler                        0x0800011b   Thumb Code     0  startup_stm32f103xb.o(.text)
    USBWakeUp_IRQHandler                     0x0800011b   Thumb Code     0  startup_stm32f103xb.o(.text)
    WWDG_IRQHandler                          0x0800011b   Thumb Code     0  startup_stm32f103xb.o(.text)
    __aeabi_memcpy                           0x08000125   Thumb Code    36  memcpya.o(.text)
    __aeabi_memcpy4                          0x08000125   Thumb Code     0  memcpya.o(.text)
    __aeabi_memcpy8                          0x08000125   Thumb Code     0  memcpya.o(.text)
    __aeabi_memset                           0x08000149   Thumb Code    14  memseta.o(.text)
    __aeabi_memset4                          0x08000149   Thumb Code     0  memseta.o(.text)
    __aeabi_memset8                          0x08000149   Thumb Code     0  memseta.o(.text)
    __aeabi_memclr                           0x08000157   Thumb Code     4  memseta.o(.text)
    __aeabi_memclr4                          0x08000157   Thumb Code     0  memseta.o(.text)
    __aeabi_memclr8                          0x08000157   Thumb Code     0  memseta.o(.text)
    _memset$wrapper                          0x0800015b   Thumb Code    18  memseta.o(.text)
    atoi                                     0x0800016d   Thumb Code    26  atoi.o(.text)
    strtol                                   0x08000187   Thumb Code   112  strtol.o(.text)
    __scatterload                            0x080001f9   Thumb Code    28  init.o(.text)
    __scatterload_rt2                        0x080001f9   Thumb Code     0  init.o(.text)
    __rt_ctype_table                         0x0800021d   Thumb Code     4  ctype_o.o(.text)
    _strtoul                                 0x08000225   Thumb Code   158  _strtoul.o(.text)
    _chval                                   0x080002c3   Thumb Code    28  _chval.o(.text)
    __decompress                             0x080002df   Thumb Code     0  __dczerorl.o(.text)
    __decompress0                            0x080002df   Thumb Code    58  __dczerorl.o(.text)
    BT_control_GET_AUDIO_ACTIVE              0x08000319   Thumb Code    20  bt_control_gpio.o(i.BT_control_GET_AUDIO_ACTIVE)
    BT_control_GET_BT_CONNECTED              0x08000331   Thumb Code    20  bt_control_gpio.o(i.BT_control_GET_BT_CONNECTED)
    BT_control_GET_BT_ON                     0x08000349   Thumb Code    20  bt_control_gpio.o(i.BT_control_GET_BT_ON)
    BT_control_GET_CALL_ACTIVE_INCOMING_OUTGOING 0x08000361   Thumb Code    18  bt_control_gpio.o(i.BT_control_GET_CALL_ACTIVE_INCOMING_OUTGOING)
    BT_control_SET_BT_POWER_OFF              0x08000379   Thumb Code    60  bt_control_gpio.o(i.BT_control_SET_BT_POWER_OFF)
    BT_control_SET_BT_POWER_OFF2             0x080003b9   Thumb Code    82  bt_control_gpio.o(i.BT_control_SET_BT_POWER_OFF2)
    BT_control_SET_BT_POWER_ON               0x08000411   Thumb Code    82  bt_control_gpio.o(i.BT_control_SET_BT_POWER_ON)
    BT_control_SET_BT_SKIP_BACKWARD          0x08000469   Thumb Code    56  bt_control_gpio.o(i.BT_control_SET_BT_SKIP_BACKWARD)
    BT_control_SET_BT_SKIP_FORWARD           0x080004a5   Thumb Code    56  bt_control_gpio.o(i.BT_control_SET_BT_SKIP_FORWARD)
    BT_control_SET_BT_STOP                   0x080004e1   Thumb Code    56  bt_control_gpio.o(i.BT_control_SET_BT_STOP)
    BT_control_SET_BT_VOLUME_DOWN            0x0800051d   Thumb Code    56  bt_control_gpio.o(i.BT_control_SET_BT_VOLUME_DOWN)
    BT_control_SET_BT_VOLUME_UP              0x08000559   Thumb Code    56  bt_control_gpio.o(i.BT_control_SET_BT_VOLUME_UP)
    BT_control_SET_CALL_ANSWER__END__HELD    0x08000595   Thumb Code    56  bt_control_gpio.o(i.BT_control_SET_CALL_ANSWER__END__HELD)
    BT_control_SET_CALL_REJECT_HELDREJECT    0x080005d1   Thumb Code    56  bt_control_gpio.o(i.BT_control_SET_CALL_REJECT_HELDREJECT)
    BT_control_SET_PLAY_PAUSE                0x0800060d   Thumb Code    56  bt_control_gpio.o(i.BT_control_SET_PLAY_PAUSE)
    BT_control_SET_RECALL_LAST               0x08000649   Thumb Code   100  bt_control_gpio.o(i.BT_control_SET_RECALL_LAST)
    BT_control_add_task                      0x080006c1   Thumb Code    90  bt_control_gpio.o(i.BT_control_add_task)
    BT_control_clear_tasks_init              0x08000721   Thumb Code    60  bt_control_gpio.o(i.BT_control_clear_tasks_init)
    BT_control_gpio_handler                  0x08000765   Thumb Code     2  bt_control_gpio.o(i.BT_control_gpio_handler)
    BT_control_gpio_init                     0x08000769   Thumb Code   278  bt_control_gpio.o(i.BT_control_gpio_init)
    BT_control_gpio_systick                  0x08000891   Thumb Code   184  bt_control_gpio.o(i.BT_control_gpio_systick)
    BT_control_long_add                      0x08000965   Thumb Code    28  bt_control_gpio.o(i.BT_control_long_add)
    BT_control_long_long_add                 0x08000981   Thumb Code    30  bt_control_gpio.o(i.BT_control_long_long_add)
    BT_control_restart_BT                    0x0800099f   Thumb Code    28  bt_control_gpio.o(i.BT_control_restart_BT)
    BT_control_set_off_delay                 0x080009bd   Thumb Code    48  bt_control_gpio.o(i.BT_control_set_off_delay)
    BT_control_set_on_delay                  0x080009f1   Thumb Code    62  bt_control_gpio.o(i.BT_control_set_on_delay)
    BT_control_short_add                     0x08000a35   Thumb Code    26  bt_control_gpio.o(i.BT_control_short_add)
    BusFault_Handler                         0x08000a4f   Thumb Code     2  stm32f1xx_it.o(i.BusFault_Handler)
    CAN1_RX1_IRQHandler                      0x08000a51   Thumb Code     6  stm32f1xx_it.o(i.CAN1_RX1_IRQHandler)
    CAN1_SCE_IRQHandler                      0x08000a5d   Thumb Code     6  stm32f1xx_it.o(i.CAN1_SCE_IRQHandler)
    CAN_mersas_init                          0x08000a69   Thumb Code     4  can_mersedes_83kbps.o(i.CAN_mersas_init)
    CAN_mersedes_handler                     0x08000a6d   Thumb Code     4  can_mersedes_83kbps.o(i.CAN_mersedes_handler)
    CD4052_REFRESH_SOURCE                    0x08000a71   Thumb Code    18  cd4052_control.o(i.CD4052_REFRESH_SOURCE)
    CD4052_SET_AUX_OUT                       0x08000a89   Thumb Code    28  cd4052_control.o(i.CD4052_SET_AUX_OUT)
    CD4052_SET_BT_OUT                        0x08000aa9   Thumb Code    42  cd4052_control.o(i.CD4052_SET_BT_OUT)
    CD4052_SET_RADIO                         0x08000aed   Thumb Code    28  cd4052_control.o(i.CD4052_SET_RADIO)
    CD4052_SET_TOGGLE_SOURCE                 0x08000b25   Thumb Code    42  cd4052_control.o(i.CD4052_SET_TOGGLE_SOURCE)
    CD4052_if_BT_off_turnON_delay20s         0x08000b55   Thumb Code    24  cd4052_control.o(i.CD4052_if_BT_off_turnON_delay20s)
    CD4052_init                              0x08000b71   Thumb Code    92  cd4052_control.o(i.CD4052_init)
    CD4052_source_now_not_BT                 0x08000bd5   Thumb Code    16  cd4052_control.o(i.CD4052_source_now_not_BT)
    CD4052_temporary_switch_to_BT_source     0x08000be9   Thumb Code    12  cd4052_control.o(i.CD4052_temporary_switch_to_BT_source)
    CD4052_tick_1khz                         0x08000bf9   Thumb Code   188  cd4052_control.o(i.CD4052_tick_1khz)
    DebugMon_Handler                         0x08000cf1   Thumb Code     2  stm32f1xx_it.o(i.DebugMon_Handler)
    Error_Handler                            0x08000cf3   Thumb Code     2  main.o(i.Error_Handler)
    HAL_CAN_ActivateNotification             0x08000cf5   Thumb Code    36  stm32f1xx_hal_can.o(i.HAL_CAN_ActivateNotification)
    HAL_CAN_ConfigFilter                     0x08000d19   Thumb Code   238  stm32f1xx_hal_can.o(i.HAL_CAN_ConfigFilter)
    HAL_CAN_ErrorCallback                    0x08000e07   Thumb Code     2  stm32f1xx_hal_can.o(i.HAL_CAN_ErrorCallback)
    HAL_CAN_GetRxMessage                     0x08000e09   Thumb Code   232  stm32f1xx_hal_can.o(i.HAL_CAN_GetRxMessage)
    HAL_CAN_IRQHandler                       0x08000ef1   Thumb Code   508  stm32f1xx_hal_can.o(i.HAL_CAN_IRQHandler)
    HAL_CAN_Init                             0x080010ed   Thumb Code   282  stm32f1xx_hal_can.o(i.HAL_CAN_Init)
    HAL_CAN_MspInit                          0x08001209   Thumb Code   160  stm32f1xx_hal_msp.o(i.HAL_CAN_MspInit)
    HAL_CAN_RxFifo0FullCallback              0x080012b5   Thumb Code     2  stm32f1xx_hal_can.o(i.HAL_CAN_RxFifo0FullCallback)
    HAL_CAN_RxFifo0MsgPendingCallback        0x080012b9   Thumb Code    50  can_mersedes_83kbps.o(i.HAL_CAN_RxFifo0MsgPendingCallback)
    HAL_CAN_RxFifo1FullCallback              0x080012f5   Thumb Code     2  stm32f1xx_hal_can.o(i.HAL_CAN_RxFifo1FullCallback)
    HAL_CAN_RxFifo1MsgPendingCallback        0x080012f7   Thumb Code     2  stm32f1xx_hal_can.o(i.HAL_CAN_RxFifo1MsgPendingCallback)
    HAL_CAN_SleepCallback                    0x080012f9   Thumb Code     2  stm32f1xx_hal_can.o(i.HAL_CAN_SleepCallback)
    HAL_CAN_Start                            0x080012fd   Thumb Code    88  stm32f1xx_hal_can.o(i.HAL_CAN_Start)
    HAL_CAN_TxMailbox0AbortCallback          0x08001355   Thumb Code     2  stm32f1xx_hal_can.o(i.HAL_CAN_TxMailbox0AbortCallback)
    HAL_CAN_TxMailbox0CompleteCallback       0x08001357   Thumb Code     2  stm32f1xx_hal_can.o(i.HAL_CAN_TxMailbox0CompleteCallback)
    HAL_CAN_TxMailbox1AbortCallback          0x08001359   Thumb Code     2  stm32f1xx_hal_can.o(i.HAL_CAN_TxMailbox1AbortCallback)
    HAL_CAN_TxMailbox1CompleteCallback       0x0800135b   Thumb Code     2  stm32f1xx_hal_can.o(i.HAL_CAN_TxMailbox1CompleteCallback)
    HAL_CAN_TxMailbox2AbortCallback          0x0800135d   Thumb Code     2  stm32f1xx_hal_can.o(i.HAL_CAN_TxMailbox2AbortCallback)
    HAL_CAN_TxMailbox2CompleteCallback       0x0800135f   Thumb Code     2  stm32f1xx_hal_can.o(i.HAL_CAN_TxMailbox2CompleteCallback)
    HAL_CAN_WakeUpFromRxMsgCallback          0x08001361   Thumb Code     2  stm32f1xx_hal_can.o(i.HAL_CAN_WakeUpFromRxMsgCallback)
    HAL_Delay                                0x08001365   Thumb Code    32  stm32f1xx_hal.o(i.HAL_Delay)
    HAL_GPIO_Init                            0x08001389   Thumb Code   408  stm32f1xx_hal_gpio.o(i.HAL_GPIO_Init)
    HAL_GPIO_ReadPin                         0x08001545   Thumb Code    10  stm32f1xx_hal_gpio.o(i.HAL_GPIO_ReadPin)
    HAL_GPIO_TogglePin                       0x0800154f   Thumb Code     8  stm32f1xx_hal_gpio.o(i.HAL_GPIO_TogglePin)
    HAL_GPIO_WritePin                        0x08001557   Thumb Code    10  stm32f1xx_hal_gpio.o(i.HAL_GPIO_WritePin)
    HAL_GetTick                              0x08001561   Thumb Code     6  stm32f1xx_hal.o(i.HAL_GetTick)
    HAL_IncTick                              0x0800156d   Thumb Code    12  stm32f1xx_hal.o(i.HAL_IncTick)
    HAL_Init                                 0x0800157d   Thumb Code    32  stm32f1xx_hal.o(i.HAL_Init)
    HAL_InitTick                             0x080015a1   Thumb Code    54  stm32f1xx_hal.o(i.HAL_InitTick)
    HAL_MspInit                              0x080015e1   Thumb Code    52  stm32f1xx_hal_msp.o(i.HAL_MspInit)
    HAL_NVIC_EnableIRQ                       0x0800161d   Thumb Code    22  stm32f1xx_hal_cortex.o(i.HAL_NVIC_EnableIRQ)
    HAL_NVIC_SetPriority                     0x08001635   Thumb Code    60  stm32f1xx_hal_cortex.o(i.HAL_NVIC_SetPriority)
    HAL_NVIC_SetPriorityGrouping             0x08001675   Thumb Code    26  stm32f1xx_hal_cortex.o(i.HAL_NVIC_SetPriorityGrouping)
    HAL_RCC_ClockConfig                      0x08001699   Thumb Code   346  stm32f1xx_hal_rcc.o(i.HAL_RCC_ClockConfig)
    HAL_RCC_GetPCLK1Freq                     0x08001805   Thumb Code    20  stm32f1xx_hal_rcc.o(i.HAL_RCC_GetPCLK1Freq)
    HAL_RCC_GetPCLK2Freq                     0x08001825   Thumb Code    20  stm32f1xx_hal_rcc.o(i.HAL_RCC_GetPCLK2Freq)
    HAL_RCC_GetSysClockFreq                  0x08001845   Thumb Code    74  stm32f1xx_hal_rcc.o(i.HAL_RCC_GetSysClockFreq)
    HAL_RCC_OscConfig                        0x080018b1   Thumb Code   750  stm32f1xx_hal_rcc.o(i.HAL_RCC_OscConfig)
    HAL_SYSTICK_Config                       0x08001bb5   Thumb Code    40  stm32f1xx_hal_cortex.o(i.HAL_SYSTICK_Config)
    HAL_UART_Init                            0x08001bdd   Thumb Code    98  stm32f1xx_hal_uart.o(i.HAL_UART_Init)
    HAL_UART_MspInit                         0x08001c41   Thumb Code   128  stm32f1xx_hal_msp.o(i.HAL_UART_MspInit)
    HardFault_Handler                        0x08001cd1   Thumb Code     2  stm32f1xx_it.o(i.HardFault_Handler)
    MemManage_Handler                        0x08001dc1   Thumb Code     2  stm32f1xx_it.o(i.MemManage_Handler)
    Mercedes_buttons_control                 0x08001dc5   Thumb Code   158  mercedes_buttons_control.o(i.Mercedes_buttons_control)
    Mercedes_buttons_control_handler         0x08001f39   Thumb Code    92  mercedes_buttons_control.o(i.Mercedes_buttons_control_handler)
    Mercedes_buttons_control_init            0x08001f99   Thumb Code    28  mercedes_buttons_control.o(i.Mercedes_buttons_control_init)
    Mercedes_buttons_control_systick         0x08001fb9   Thumb Code    34  mercedes_buttons_control.o(i.Mercedes_buttons_control_systick)
    Mercedes_buttons_get_CAN_buttons_data    0x08001fe1   Thumb Code   148  mercedes_buttons_control.o(i.Mercedes_buttons_get_CAN_buttons_data)
    NMI_Handler                              0x080020c9   Thumb Code     2  stm32f1xx_it.o(i.NMI_Handler)
    PRINTF                                   0x080020eb   Thumb Code     2  uart2_dbg.o(i.PRINTF)
    PendSV_Handler                           0x080020ed   Thumb Code     2  stm32f1xx_it.o(i.PendSV_Handler)
    SVC_Handler                              0x080020ef   Thumb Code     2  stm32f1xx_it.o(i.SVC_Handler)
    SysTick_Handler                          0x080020f1   Thumb Code    14  stm32f1xx_it.o(i.SysTick_Handler)
    SystemClock_Config                       0x080020ff   Thumb Code    76  main.o(i.SystemClock_Config)
    SystemInit                               0x0800214d   Thumb Code    56  system_stm32f1xx.o(i.SystemInit)
    USART1_IRQHandler                        0x08002305   Thumb Code     4  stm32f1xx_it.o(i.USART1_IRQHandler)
    USART2_IRQHandler                        0x08002309   Thumb Code     4  stm32f1xx_it.o(i.USART2_IRQHandler)
    USB_HP_CAN1_TX_IRQHandler                0x0800230d   Thumb Code     6  stm32f1xx_it.o(i.USB_HP_CAN1_TX_IRQHandler)
    USB_LP_CAN1_RX0_IRQHandler               0x08002319   Thumb Code     6  stm32f1xx_it.o(i.USB_LP_CAN1_RX0_IRQHandler)
    UsageFault_Handler                       0x08002325   Thumb Code     2  stm32f1xx_it.o(i.UsageFault_Handler)
    __aeabi_errno_addr                       0x08002329   Thumb Code     4  errno.o(i.__aeabi_errno_addr)
    __rt_errno_addr                          0x08002329   Thumb Code     0  errno.o(i.__aeabi_errno_addr)
    __scatterload_copy                       0x08002331   Thumb Code    14  handlers.o(i.__scatterload_copy)
    __scatterload_null                       0x0800233f   Thumb Code     2  handlers.o(i.__scatterload_null)
    __scatterload_zeroinit                   0x08002341   Thumb Code    14  handlers.o(i.__scatterload_zeroinit)
    main                                     0x08002351   Thumb Code   134  main.o(i.main)
    process_can_mesages                      0x080023f5   Thumb Code   162  can_mersedes_83kbps.o(i.process_can_mesages)
    system_tick_1khz                         0x080024b1   Thumb Code    60  main.o(i.system_tick_1khz)
    systick1s                                0x080024f9   Thumb Code    48  can_mersedes_83kbps.o(i.systick1s)
    test_button_pres_simu                    0x0800252d   Thumb Code    42  can_mersedes_83kbps.o(i.test_button_pres_simu)
    test_custom                              0x08002571   Thumb Code    18  can_mersedes_83kbps.o(i.test_custom)
    test_long_fnc_can                        0x08002591   Thumb Code    14  can_mersedes_83kbps.o(i.test_long_fnc_can)
    test_short_fnc_can                       0x080025a5   Thumb Code    14  can_mersedes_83kbps.o(i.test_short_fnc_can)
    uart2_dbg_cmd_handler                    0x080025b9   Thumb Code   370  uart2_dbg.o(i.uart2_dbg_cmd_handler)
    uart2_dbg_handler                        0x0800277d   Thumb Code   352  uart2_dbg.o(i.uart2_dbg_handler)
    uart2_dbg_init                           0x080028e5   Thumb Code     4  uart2_dbg.o(i.uart2_dbg_init)
    uart2_dbg_irq_handler                    0x080028e9   Thumb Code   132  uart2_dbg.o(i.uart2_dbg_irq_handler)
    AHBPrescTable                            0x08002978   Data          16  system_stm32f1xx.o(.constdata)
    APBPrescTable                            0x08002988   Data           8  system_stm32f1xx.o(.constdata)
    __ctype_table                            0x08002990   Data         129  ctype_o.o(.constdata)
    Region$$Table$$Base                      0x08002a18   Number         0  anon$$obj.o(Region$$Table)
    Region$$Table$$Limit                     0x08002a38   Number         0  anon$$obj.o(Region$$Table)
    cnt_event                                0x20000000   Data           4  main.o(.data)
    get_radio_code                           0x20000008   Data           1  can_mersedes_83kbps.o(.data)
    read_ptr                                 0x20000009   Data           1  can_mersedes_83kbps.o(.data)
    write_ptr                                0x2000000a   Data           1  can_mersedes_83kbps.o(.data)
    button_                                  0x2000000b   Data           1  can_mersedes_83kbps.o(.data)
    test_cnt                                 0x2000000c   Data           4  can_mersedes_83kbps.o(.data)
    BT_on_start_MCU_                         0x20000010   Data           4  bt_control_gpio.o(.data)
    source_now                               0x20000014   Data           1  cd4052_control.o(.data)
    lastStateBT_connect                      0x20000015   Data           1  cd4052_control.o(.data)
    over_call                                0x20000016   Data           1  cd4052_control.o(.data)
    tick1s                                   0x20000018   Data           4  cd4052_control.o(.data)
    switch_to_radio_timeout                  0x2000001c   Data           4  cd4052_control.o(.data)
    last_source                              0x20000020   Data           4  cd4052_control.o(.data)
    buttons_bit_now                          0x20000024   Data           4  mercedes_buttons_control.o(.data)
    buttons_                                 0x20000028   Data         384  mercedes_buttons_control.o(.data)
    uwTickFreq                               0x200001a8   Data           1  stm32f1xx_hal.o(.data)
    uwTickPrio                               0x200001ac   Data           4  stm32f1xx_hal.o(.data)
    uwTick                                   0x200001b0   Data           4  stm32f1xx_hal.o(.data)
    SystemCoreClock                          0x200001b4   Data           4  system_stm32f1xx.o(.data)
    uart_get                                 0x200001bc   Data         446  uart2_dbg.o(.bss)
    huart1                                   0x200004bc   Data          64  uart2_dbg.o(.bss)
    string                                   0x200004fc   Data          32  uart2_dbg.o(.bss)
    hcan                                     0x2000051c   Data          40  can_mersedes_83kbps.o(.bss)
    rxmsg                                    0x20000544   Data          28  can_mersedes_83kbps.o(.bss)
    can_msg_read_buff                        0x20000560   Data        3072  can_mersedes_83kbps.o(.bss)
    BT_control_tasks                         0x20001160   Data         416  bt_control_gpio.o(.bss)
    __initial_sp                             0x20001700   Data           0  startup_stm32f103xb.o(STACK)



==============================================================================

Memory Map of the image

  Image Entry point : 0x080000ed

  Load Region LR_IROM1 (Base: 0x08000000, Size: 0x00002bf4, Max: 0x00010000, ABSOLUTE, COMPRESSED[0x00002a78])

    Execution Region ER_IROM1 (Base: 0x08000000, Size: 0x00002a38, Max: 0x00010000, ABSOLUTE)

    Base Addr    Size         Type   Attr      Idx    E Section Name        Object

    0x08000000   0x000000ec   Data   RO            3    RESET               startup_stm32f103xb.o
    0x080000ec   0x00000000   Code   RO         2392  * .ARM.Collect$$$$00000000  mc_w.l(entry.o)
    0x080000ec   0x00000004   Code   RO         2435    .ARM.Collect$$$$00000001  mc_w.l(entry2.o)
    0x080000f0   0x00000004   Code   RO         2438    .ARM.Collect$$$$00000004  mc_w.l(entry5.o)
    0x080000f4   0x00000000   Code   RO         2440    .ARM.Collect$$$$00000008  mc_w.l(entry7b.o)
    0x080000f4   0x00000000   Code   RO         2442    .ARM.Collect$$$$0000000A  mc_w.l(entry8b.o)
    0x080000f4   0x00000008   Code   RO         2443    .ARM.Collect$$$$0000000B  mc_w.l(entry9a.o)
    0x080000fc   0x00000000   Code   RO         2445    .ARM.Collect$$$$0000000D  mc_w.l(entry10a.o)
    0x080000fc   0x00000000   Code   RO         2447    .ARM.Collect$$$$0000000F  mc_w.l(entry11a.o)
    0x080000fc   0x00000004   Code   RO         2436    .ARM.Collect$$$$00002712  mc_w.l(entry2.o)
    0x08000100   0x00000024   Code   RO            4    .text               startup_stm32f103xb.o
    0x08000124   0x00000024   Code   RO         2397    .text               mc_w.l(memcpya.o)
    0x08000148   0x00000024   Code   RO         2399    .text               mc_w.l(memseta.o)
    0x0800016c   0x0000001a   Code   RO         2433    .text               mc_w.l(atoi.o)
    0x08000186   0x00000070   Code   RO         2463    .text               mc_w.l(strtol.o)
    0x080001f6   0x00000002   PAD
    0x080001f8   0x00000024   Code   RO         2476    .text               mc_w.l(init.o)
    0x0800021c   0x00000008   Code   RO         2483    .text               mc_w.l(ctype_o.o)
    0x08000224   0x0000009e   Code   RO         2511    .text               mc_w.l(_strtoul.o)
    0x080002c2   0x0000001c   Code   RO         2516    .text               mc_w.l(_chval.o)
    0x080002de   0x0000003a   Code   RO         2526    .text               mc_w.l(__dczerorl.o)
    0x08000318   0x00000018   Code   RO          514    i.BT_control_GET_AUDIO_ACTIVE  bt_control_gpio.o
    0x08000330   0x00000018   Code   RO          515    i.BT_control_GET_BT_CONNECTED  bt_control_gpio.o
    0x08000348   0x00000018   Code   RO          516    i.BT_control_GET_BT_ON  bt_control_gpio.o
    0x08000360   0x00000018   Code   RO          517    i.BT_control_GET_CALL_ACTIVE_INCOMING_OUTGOING  bt_control_gpio.o
    0x08000378   0x00000040   Code   RO          518    i.BT_control_SET_BT_POWER_OFF  bt_control_gpio.o
    0x080003b8   0x00000058   Code   RO          519    i.BT_control_SET_BT_POWER_OFF2  bt_control_gpio.o
    0x08000410   0x00000058   Code   RO          520    i.BT_control_SET_BT_POWER_ON  bt_control_gpio.o
    0x08000468   0x0000003c   Code   RO          522    i.BT_control_SET_BT_SKIP_BACKWARD  bt_control_gpio.o
    0x080004a4   0x0000003c   Code   RO          523    i.BT_control_SET_BT_SKIP_FORWARD  bt_control_gpio.o
    0x080004e0   0x0000003c   Code   RO          524    i.BT_control_SET_BT_STOP  bt_control_gpio.o
    0x0800051c   0x0000003c   Code   RO          525    i.BT_control_SET_BT_VOLUME_DOWN  bt_control_gpio.o
    0x08000558   0x0000003c   Code   RO          526    i.BT_control_SET_BT_VOLUME_UP  bt_control_gpio.o
    0x08000594   0x0000003c   Code   RO          527    i.BT_control_SET_CALL_ANSWER__END__HELD  bt_control_gpio.o
    0x080005d0   0x0000003c   Code   RO          528    i.BT_control_SET_CALL_REJECT_HELDREJECT  bt_control_gpio.o
    0x0800060c   0x0000003c   Code   RO          529    i.BT_control_SET_PLAY_PAUSE  bt_control_gpio.o
    0x08000648   0x00000078   Code   RO          530    i.BT_control_SET_RECALL_LAST  bt_control_gpio.o
    0x080006c0   0x00000060   Code   RO          531    i.BT_control_add_task  bt_control_gpio.o
    0x08000720   0x00000044   Code   RO          532    i.BT_control_clear_tasks_init  bt_control_gpio.o
    0x08000764   0x00000002   Code   RO          533    i.BT_control_gpio_handler  bt_control_gpio.o
    0x08000766   0x00000002   PAD
    0x08000768   0x00000128   Code   RO          534    i.BT_control_gpio_init  bt_control_gpio.o
    0x08000890   0x000000d4   Code   RO          535    i.BT_control_gpio_systick  bt_control_gpio.o
    0x08000964   0x0000001c   Code   RO          536    i.BT_control_long_add  bt_control_gpio.o
    0x08000980   0x0000001e   Code   RO          537    i.BT_control_long_long_add  bt_control_gpio.o
    0x0800099e   0x0000001c   Code   RO          538    i.BT_control_restart_BT  bt_control_gpio.o
    0x080009ba   0x00000002   PAD
    0x080009bc   0x00000034   Code   RO          539    i.BT_control_set_off_delay  bt_control_gpio.o
    0x080009f0   0x00000044   Code   RO          540    i.BT_control_set_on_delay  bt_control_gpio.o
    0x08000a34   0x0000001a   Code   RO          541    i.BT_control_short_add  bt_control_gpio.o
    0x08000a4e   0x00000002   Code   RO          156    i.BusFault_Handler  stm32f1xx_it.o
    0x08000a50   0x0000000c   Code   RO          157    i.CAN1_RX1_IRQHandler  stm32f1xx_it.o
    0x08000a5c   0x0000000c   Code   RO          158    i.CAN1_SCE_IRQHandler  stm32f1xx_it.o
    0x08000a68   0x00000004   Code   RO          416    i.CAN_mersas_init   can_mersedes_83kbps.o
    0x08000a6c   0x00000004   Code   RO          418    i.CAN_mersedes_handler  can_mersedes_83kbps.o
    0x08000a70   0x00000018   Code   RO          700    i.CD4052_REFRESH_SOURCE  cd4052_control.o
    0x08000a88   0x00000020   Code   RO          701    i.CD4052_SET_AUX_OUT  cd4052_control.o
    0x08000aa8   0x00000044   Code   RO          702    i.CD4052_SET_BT_OUT  cd4052_control.o
    0x08000aec   0x00000038   Code   RO          703    i.CD4052_SET_RADIO  cd4052_control.o
    0x08000b24   0x00000030   Code   RO          704    i.CD4052_SET_TOGGLE_SOURCE  cd4052_control.o
    0x08000b54   0x0000001c   Code   RO          705    i.CD4052_if_BT_off_turnON_delay20s  cd4052_control.o
    0x08000b70   0x00000064   Code   RO          706    i.CD4052_init       cd4052_control.o
    0x08000bd4   0x00000014   Code   RO          707    i.CD4052_source_now_not_BT  cd4052_control.o
    0x08000be8   0x00000010   Code   RO          708    i.CD4052_temporary_switch_to_BT_source  cd4052_control.o
    0x08000bf8   0x000000f8   Code   RO          709    i.CD4052_tick_1khz  cd4052_control.o
    0x08000cf0   0x00000002   Code   RO          159    i.DebugMon_Handler  stm32f1xx_it.o
    0x08000cf2   0x00000002   Code   RO           13    i.Error_Handler     main.o
    0x08000cf4   0x00000024   Code   RO          871    i.HAL_CAN_ActivateNotification  stm32f1xx_hal_can.o
    0x08000d18   0x000000ee   Code   RO          873    i.HAL_CAN_ConfigFilter  stm32f1xx_hal_can.o
    0x08000e06   0x00000002   Code   RO          876    i.HAL_CAN_ErrorCallback  stm32f1xx_hal_can.o
    0x08000e08   0x000000e8   Code   RO          879    i.HAL_CAN_GetRxMessage  stm32f1xx_hal_can.o
    0x08000ef0   0x000001fc   Code   RO          883    i.HAL_CAN_IRQHandler  stm32f1xx_hal_can.o
    0x080010ec   0x0000011a   Code   RO          884    i.HAL_CAN_Init      stm32f1xx_hal_can.o
    0x08001206   0x00000002   PAD
    0x08001208   0x000000ac   Code   RO          269    i.HAL_CAN_MspInit   stm32f1xx_hal_msp.o
    0x080012b4   0x00000002   Code   RO          891    i.HAL_CAN_RxFifo0FullCallback  stm32f1xx_hal_can.o
    0x080012b6   0x00000002   PAD
    0x080012b8   0x0000003c   Code   RO          419    i.HAL_CAN_RxFifo0MsgPendingCallback  can_mersedes_83kbps.o
    0x080012f4   0x00000002   Code   RO          893    i.HAL_CAN_RxFifo1FullCallback  stm32f1xx_hal_can.o
    0x080012f6   0x00000002   Code   RO          894    i.HAL_CAN_RxFifo1MsgPendingCallback  stm32f1xx_hal_can.o
    0x080012f8   0x00000002   Code   RO          895    i.HAL_CAN_SleepCallback  stm32f1xx_hal_can.o
    0x080012fa   0x00000002   PAD
    0x080012fc   0x00000058   Code   RO          896    i.HAL_CAN_Start     stm32f1xx_hal_can.o
    0x08001354   0x00000002   Code   RO          898    i.HAL_CAN_TxMailbox0AbortCallback  stm32f1xx_hal_can.o
    0x08001356   0x00000002   Code   RO          899    i.HAL_CAN_TxMailbox0CompleteCallback  stm32f1xx_hal_can.o
    0x08001358   0x00000002   Code   RO          900    i.HAL_CAN_TxMailbox1AbortCallback  stm32f1xx_hal_can.o
    0x0800135a   0x00000002   Code   RO          901    i.HAL_CAN_TxMailbox1CompleteCallback  stm32f1xx_hal_can.o
    0x0800135c   0x00000002   Code   RO          902    i.HAL_CAN_TxMailbox2AbortCallback  stm32f1xx_hal_can.o
    0x0800135e   0x00000002   Code   RO          903    i.HAL_CAN_TxMailbox2CompleteCallback  stm32f1xx_hal_can.o
    0x08001360   0x00000002   Code   RO          905    i.HAL_CAN_WakeUpFromRxMsgCallback  stm32f1xx_hal_can.o
    0x08001362   0x00000002   PAD
    0x08001364   0x00000024   Code   RO         1473    i.HAL_Delay         stm32f1xx_hal.o
    0x08001388   0x000001bc   Code   RO         1769    i.HAL_GPIO_Init     stm32f1xx_hal_gpio.o
    0x08001544   0x0000000a   Code   RO         1771    i.HAL_GPIO_ReadPin  stm32f1xx_hal_gpio.o
    0x0800154e   0x00000008   Code   RO         1772    i.HAL_GPIO_TogglePin  stm32f1xx_hal_gpio.o
    0x08001556   0x0000000a   Code   RO         1773    i.HAL_GPIO_WritePin  stm32f1xx_hal_gpio.o
    0x08001560   0x0000000c   Code   RO         1477    i.HAL_GetTick       stm32f1xx_hal.o
    0x0800156c   0x00000010   Code   RO         1481    i.HAL_IncTick       stm32f1xx_hal.o
    0x0800157c   0x00000024   Code   RO         1482    i.HAL_Init          stm32f1xx_hal.o
    0x080015a0   0x00000040   Code   RO         1483    i.HAL_InitTick      stm32f1xx_hal.o
    0x080015e0   0x0000003c   Code   RO          270    i.HAL_MspInit       stm32f1xx_hal_msp.o
    0x0800161c   0x00000016   Code   RO         1929    i.HAL_NVIC_EnableIRQ  stm32f1xx_hal_cortex.o
    0x08001632   0x00000002   PAD
    0x08001634   0x00000040   Code   RO         1935    i.HAL_NVIC_SetPriority  stm32f1xx_hal_cortex.o
    0x08001674   0x00000024   Code   RO         1936    i.HAL_NVIC_SetPriorityGrouping  stm32f1xx_hal_cortex.o
    0x08001698   0x0000016c   Code   RO         1629    i.HAL_RCC_ClockConfig  stm32f1xx_hal_rcc.o
    0x08001804   0x00000020   Code   RO         1636    i.HAL_RCC_GetPCLK1Freq  stm32f1xx_hal_rcc.o
    0x08001824   0x00000020   Code   RO         1637    i.HAL_RCC_GetPCLK2Freq  stm32f1xx_hal_rcc.o
    0x08001844   0x0000006c   Code   RO         1638    i.HAL_RCC_GetSysClockFreq  stm32f1xx_hal_rcc.o
    0x080018b0   0x00000304   Code   RO         1641    i.HAL_RCC_OscConfig  stm32f1xx_hal_rcc.o
    0x08001bb4   0x00000028   Code   RO         1940    i.HAL_SYSTICK_Config  stm32f1xx_hal_cortex.o
    0x08001bdc   0x00000062   Code   RO         1165    i.HAL_UART_Init     stm32f1xx_hal_uart.o
    0x08001c3e   0x00000002   PAD
    0x08001c40   0x00000090   Code   RO          272    i.HAL_UART_MspInit  stm32f1xx_hal_msp.o
    0x08001cd0   0x00000002   Code   RO          160    i.HardFault_Handler  stm32f1xx_it.o
    0x08001cd2   0x00000002   PAD
    0x08001cd4   0x000000ac   Code   RO          420    i.MX_CAN_Init       can_mersedes_83kbps.o
    0x08001d80   0x00000040   Code   RO          316    i.MX_USART1_UART_Init  uart2_dbg.o
    0x08001dc0   0x00000002   Code   RO          161    i.MemManage_Handler  stm32f1xx_it.o
    0x08001dc2   0x00000002   PAD
    0x08001dc4   0x00000174   Code   RO          779    i.Mercedes_buttons_control  mercedes_buttons_control.o
    0x08001f38   0x00000060   Code   RO          780    i.Mercedes_buttons_control_handler  mercedes_buttons_control.o
    0x08001f98   0x00000020   Code   RO          781    i.Mercedes_buttons_control_init  mercedes_buttons_control.o
    0x08001fb8   0x00000028   Code   RO          782    i.Mercedes_buttons_control_systick  mercedes_buttons_control.o
    0x08001fe0   0x000000e8   Code   RO          783    i.Mercedes_buttons_get_CAN_buttons_data  mercedes_buttons_control.o
    0x080020c8   0x00000002   Code   RO          162    i.NMI_Handler       stm32f1xx_it.o
    0x080020ca   0x00000020   Code   RO         1942    i.NVIC_SetPriority  stm32f1xx_hal_cortex.o
    0x080020ea   0x00000002   Code   RO          317    i.PRINTF            uart2_dbg.o
    0x080020ec   0x00000002   Code   RO          163    i.PendSV_Handler    stm32f1xx_it.o
    0x080020ee   0x00000002   Code   RO          164    i.SVC_Handler       stm32f1xx_it.o
    0x080020f0   0x0000000e   Code   RO          165    i.SysTick_Handler   stm32f1xx_it.o
    0x080020fe   0x0000004c   Code   RO           14    i.SystemClock_Config  main.o
    0x0800214a   0x00000002   PAD
    0x0800214c   0x00000048   Code   RO         2358    i.SystemInit        system_stm32f1xx.o
    0x08002194   0x00000170   Code   RO         1191    i.UART_SetConfig    stm32f1xx_hal_uart.o
    0x08002304   0x00000004   Code   RO          166    i.USART1_IRQHandler  stm32f1xx_it.o
    0x08002308   0x00000004   Code   RO          167    i.USART2_IRQHandler  stm32f1xx_it.o
    0x0800230c   0x0000000c   Code   RO          168    i.USB_HP_CAN1_TX_IRQHandler  stm32f1xx_it.o
    0x08002318   0x0000000c   Code   RO          169    i.USB_LP_CAN1_RX0_IRQHandler  stm32f1xx_it.o
    0x08002324   0x00000002   Code   RO          170    i.UsageFault_Handler  stm32f1xx_it.o
    0x08002326   0x00000002   PAD
    0x08002328   0x00000008   Code   RO         2456    i.__aeabi_errno_addr  mc_w.l(errno.o)
    0x08002330   0x0000000e   Code   RO         2520    i.__scatterload_copy  mc_w.l(handlers.o)
    0x0800233e   0x00000002   Code   RO         2521    i.__scatterload_null  mc_w.l(handlers.o)
    0x08002340   0x0000000e   Code   RO         2522    i.__scatterload_zeroinit  mc_w.l(handlers.o)
    0x0800234e   0x00000002   PAD
    0x08002350   0x000000a4   Code   RO           15    i.main              main.o
    0x080023f4   0x000000bc   Code   RO          421    i.process_can_mesages  can_mersedes_83kbps.o
    0x080024b0   0x00000048   Code   RO           16    i.system_tick_1khz  main.o
    0x080024f8   0x00000034   Code   RO          422    i.systick1s         can_mersedes_83kbps.o
    0x0800252c   0x00000044   Code   RO          423    i.test_button_pres_simu  can_mersedes_83kbps.o
    0x08002570   0x00000020   Code   RO          424    i.test_custom       can_mersedes_83kbps.o
    0x08002590   0x00000014   Code   RO          425    i.test_long_fnc_can  can_mersedes_83kbps.o
    0x080025a4   0x00000014   Code   RO          426    i.test_short_fnc_can  can_mersedes_83kbps.o
    0x080025b8   0x000001c4   Code   RO          319    i.uart2_dbg_cmd_handler  uart2_dbg.o
    0x0800277c   0x00000168   Code   RO          320    i.uart2_dbg_handler  uart2_dbg.o
    0x080028e4   0x00000004   Code   RO          321    i.uart2_dbg_init    uart2_dbg.o
    0x080028e8   0x00000090   Code   RO          322    i.uart2_dbg_irq_handler  uart2_dbg.o
    0x08002978   0x00000010   Data   RO         2359    .constdata          system_stm32f1xx.o
    0x08002988   0x00000008   Data   RO         2360    .constdata          system_stm32f1xx.o
    0x08002990   0x00000081   Data   RO         2484    .constdata          mc_w.l(ctype_o.o)
    0x08002a11   0x00000003   PAD
    0x08002a14   0x00000004   Data   RO         2485    .constdata          mc_w.l(ctype_o.o)
    0x08002a18   0x00000020   Data   RO         2518    Region$$Table       anon$$obj.o


    Execution Region RW_IRAM1 (Base: 0x20000000, Size: 0x00001700, Max: 0x00005000, ABSOLUTE, COMPRESSED[0x00000040])

    Base Addr    Size         Type   Attr      Idx    E Section Name        Object

    0x20000000   0x00000004   Data   RW           17    .data               main.o
    0x20000004   0x00000004   Data   RW          326    .data               uart2_dbg.o
    0x20000008   0x00000008   Data   RW          428    .data               can_mersedes_83kbps.o
    0x20000010   0x00000004   Data   RW          543    .data               bt_control_gpio.o
    0x20000014   0x00000010   Data   RW          710    .data               cd4052_control.o
    0x20000024   0x00000184   Data   RW          785    .data               mercedes_buttons_control.o
    0x200001a8   0x0000000c   Data   RW         1489    .data               stm32f1xx_hal.o
    0x200001b4   0x00000004   Data   RW         2361    .data               system_stm32f1xx.o
    0x200001b8   0x00000004   Data   RW         2459    .data               mc_w.l(errno.o)
    0x200001bc   0x00000360   Zero   RW          325    .bss                uart2_dbg.o
    0x2000051c   0x00000c44   Zero   RW          427    .bss                can_mersedes_83kbps.o
    0x20001160   0x000001a0   Zero   RW          542    .bss                bt_control_gpio.o
    0x20001300   0x00000400   Zero   RW            1    STACK               startup_stm32f103xb.o


==============================================================================

Image component sizes


      Code (inc. data)   RO Data    RW Data    ZI Data      Debug   Object Name

      1842        156          0          4        416      16747   bt_control_gpio.o
       620        148          0          8       3140       7727   can_mersedes_83kbps.o
       640        150          0         16          0       6435   cd4052_control.o
       314         42          0          4          0     417142   main.o
       772        324          0        388          0       4359   mercedes_buttons_control.o
        36          8        236          0       1024        840   startup_stm32f103xb.o
       164         28          0         12          0       6185   stm32f1xx_hal.o
      1408          0          0          0          0      13196   stm32f1xx_hal_can.o
       194         14          0          0          0      25963   stm32f1xx_hal_cortex.o
       472         36          0          0          0       4268   stm32f1xx_hal_gpio.o
       376         36          0          0          0       2427   stm32f1xx_hal_msp.o
      1308         98          0          0          0       5436   stm32f1xx_hal_rcc.o
       466          4          0          0          0       2012   stm32f1xx_hal_uart.o
        86         24          0          0          0       6971   stm32f1xx_it.o
        72         16         24          4          0       1267   system_stm32f1xx.o
      1026        112          0          4        864       5971   uart2_dbg.o

    ----------------------------------------------------------------------
      9820       1196        292        440       5444     526946   Object Totals
         0          0         32          0          0          0   (incl. Generated)
        24          0          0          0          0          0   (incl. Padding)

    ----------------------------------------------------------------------

      Code (inc. data)   RO Data    RW Data    ZI Data      Debug   Library Member Name

        58          0          0          0          0          0   __dczerorl.o
        28          0          0          0          0         68   _chval.o
       158          0          0          0          0         92   _strtoul.o
        26          0          0          0          0         80   atoi.o
         8          4        133          0          0         68   ctype_o.o
         0          0          0          0          0          0   entry.o
         0          0          0          0          0          0   entry10a.o
         0          0          0          0          0          0   entry11a.o
         8          4          0          0          0          0   entry2.o
         4          0          0          0          0          0   entry5.o
         0          0          0          0          0          0   entry7b.o
         0          0          0          0          0          0   entry8b.o
         8          4          0          0          0          0   entry9a.o
         8          4          0          4          0         68   errno.o
        30          0          0          0          0          0   handlers.o
        36          8          0          0          0         68   init.o
        36          0          0          0          0         68   memcpya.o
        36          0          0          0          0        108   memseta.o
       112          0          0          0          0         88   strtol.o

    ----------------------------------------------------------------------
       560         24        136          4          0        708   Library Totals
         4          0          3          0          0          0   (incl. Padding)

    ----------------------------------------------------------------------

      Code (inc. data)   RO Data    RW Data    ZI Data      Debug   Library Name

       556         24        133          4          0        708   mc_w.l

    ----------------------------------------------------------------------
       560         24        136          4          0        708   Library Totals

    ----------------------------------------------------------------------

==============================================================================


      Code (inc. data)   RO Data    RW Data    ZI Data      Debug   

     10380       1220        428        444       5444     521594   Grand Totals
     10380       1220        428         64       5444     521594   ELF Image Totals (compressed)
     10380       1220        428         64          0          0   ROM Totals

==============================================================================

    Total RO  Size (Code + RO Data)                10808 (  10.55kB)
    Total RW  Size (RW Data + ZI Data)              5888 (   5.75kB)
    Total ROM Size (Code + RO Data + RW Data)      10872 (  10.62kB)

==============================================================================

